Component: ARM Compiler 6.7 Tool: armlink [5c9ef700]

==============================================================================

Section Cross References

    startup_stm32f407xx.o(STACK) refers (Special) to heapauxi.o(.text) for __use_two_region_memory
    startup_stm32f407xx.o(HEAP) refers (Special) to heapauxi.o(.text) for __use_two_region_memory
    startup_stm32f407xx.o(RESET) refers (Special) to heapauxi.o(.text) for __use_two_region_memory
    startup_stm32f407xx.o(RESET) refers to startup_stm32f407xx.o(STACK) for __initial_sp
    startup_stm32f407xx.o(RESET) refers to startup_stm32f407xx.o(.text) for Reset_Handler
    startup_stm32f407xx.o(RESET) refers to stm32f4xx_it.o(.text.NMI_Handler) for NMI_Handler
    startup_stm32f407xx.o(RESET) refers to stm32f4xx_it.o(.text.HardFault_Handler) for HardFault_Handler
    startup_stm32f407xx.o(RESET) refers to stm32f4xx_it.o(.text.MemManage_Handler) for MemManage_Handler
    startup_stm32f407xx.o(RESET) refers to stm32f4xx_it.o(.text.BusFault_Handler) for BusFault_Handler
    startup_stm32f407xx.o(RESET) refers to stm32f4xx_it.o(.text.UsageFault_Handler) for UsageFault_Handler
    startup_stm32f407xx.o(RESET) refers to stm32f4xx_it.o(.text.SVC_Handler) for SVC_Handler
    startup_stm32f407xx.o(RESET) refers to stm32f4xx_it.o(.text.DebugMon_Handler) for DebugMon_Handler
    startup_stm32f407xx.o(RESET) refers to stm32f4xx_it.o(.text.PendSV_Handler) for PendSV_Handler
    startup_stm32f407xx.o(RESET) refers to stm32f4xx_it.o(.text.SysTick_Handler) for SysTick_Handler
    startup_stm32f407xx.o(RESET) refers to stm32f4xx_it.o(.text.TIM2_IRQHandler) for TIM2_IRQHandler
    startup_stm32f407xx.o(RESET) refers to stm32f4xx_it.o(.text.TIM3_IRQHandler) for TIM3_IRQHandler
    startup_stm32f407xx.o(RESET) refers to stm32f4xx_it.o(.text.TIM4_IRQHandler) for TIM4_IRQHandler
    startup_stm32f407xx.o(RESET) refers to stm32f4xx_it.o(.text.USART1_IRQHandler) for USART1_IRQHandler
    startup_stm32f407xx.o(RESET) refers to stm32f4xx_it.o(.text.TIM8_UP_TIM13_IRQHandler) for TIM8_UP_TIM13_IRQHandler
    startup_stm32f407xx.o(RESET) refers to stm32f4xx_it.o(.text.TIM7_IRQHandler) for TIM7_IRQHandler
    startup_stm32f407xx.o(RESET) refers to stm32f4xx_it.o(.text.DMA2_Stream2_IRQHandler) for DMA2_Stream2_IRQHandler
    startup_stm32f407xx.o(RESET) refers to stm32f4xx_it.o(.text.DMA2_Stream7_IRQHandler) for DMA2_Stream7_IRQHandler
    startup_stm32f407xx.o(.text) refers (Special) to heapauxi.o(.text) for __use_two_region_memory
    startup_stm32f407xx.o(.text) refers to system_stm32f4xx.o(.text.SystemInit) for SystemInit
    startup_stm32f407xx.o(.text) refers to __main.o(!!!main) for __main
    startup_stm32f407xx.o(.text) refers to startup_stm32f407xx.o(HEAP) for Heap_Mem
    startup_stm32f407xx.o(.text) refers to startup_stm32f407xx.o(STACK) for Stack_Mem
    delay.o(.text.delay_init) refers to delay.o(.bss.g_fac_us) for [Anonymous Symbol]
    delay.o(.ARM.exidx.text.delay_init) refers to delay.o(.text.delay_init) for [Anonymous Symbol]
    delay.o(.text.delay_us) refers to delay.o(.bss.g_fac_us) for [Anonymous Symbol]
    delay.o(.ARM.exidx.text.delay_us) refers to delay.o(.text.delay_us) for [Anonymous Symbol]
    delay.o(.text.delay_ms) refers to delay.o(.text.delay_us) for delay_us
    delay.o(.ARM.exidx.text.delay_ms) refers to delay.o(.text.delay_ms) for [Anonymous Symbol]
    delay.o(.text.HAL_Delay) refers to delay.o(.text.delay_ms) for delay_ms
    delay.o(.ARM.exidx.text.HAL_Delay) refers to delay.o(.text.HAL_Delay) for [Anonymous Symbol]
    sys.o(.ARM.exidx.text.sys_nvic_set_vector_table) refers to sys.o(.text.sys_nvic_set_vector_table) for [Anonymous Symbol]
    sys.o(.ARM.exidx.text.sys_wfi_set) refers to sys.o(.text.sys_wfi_set) for [Anonymous Symbol]
    sys.o(.ARM.exidx.text.sys_intx_disable) refers to sys.o(.text.sys_intx_disable) for [Anonymous Symbol]
    sys.o(.ARM.exidx.text.sys_intx_enable) refers to sys.o(.text.sys_intx_enable) for [Anonymous Symbol]
    sys.o(.ARM.exidx.text.sys_msr_msp) refers to sys.o(.text.sys_msr_msp) for [Anonymous Symbol]
    sys.o(.ARM.exidx.text.sys_standby) refers to sys.o(.text.sys_standby) for [Anonymous Symbol]
    sys.o(.ARM.exidx.text.sys_soft_reset) refers to sys.o(.text.sys_soft_reset) for [Anonymous Symbol]
    sys.o(.text.sys_stm32_clock_init) refers to rt_memclr_w.o(.text) for __aeabi_memclr4
    sys.o(.text.sys_stm32_clock_init) refers to stm32f4xx_hal_rcc.o(.text.HAL_RCC_OscConfig) for HAL_RCC_OscConfig
    sys.o(.text.sys_stm32_clock_init) refers to stm32f4xx_hal_rcc.o(.text.HAL_RCC_ClockConfig) for HAL_RCC_ClockConfig
    sys.o(.text.sys_stm32_clock_init) refers to stm32f4xx_hal.o(.text.HAL_GetREVID) for HAL_GetREVID
    sys.o(.ARM.exidx.text.sys_stm32_clock_init) refers to sys.o(.text.sys_stm32_clock_init) for [Anonymous Symbol]
    main.o(.text.key_proc) refers to gpio.o(.text.key_scan) for key_scan
    main.o(.text.key_proc) refers to f2d.o(x$fpl$f2d) for __aeabi_f2d
[...]
    UART_DMAAbortOnError                     0x08003473   Thumb Code    10  stm32f4xx_hal_uart.o(.text.UART_DMAAbortOnError)
    [Anonymous Symbol]                       0x0800347c   Section        0  stm32f4xx_hal_uart.o(.text.UART_EndRxTransfer)
    UART_EndRxTransfer                       0x0800347d   Thumb Code    78  stm32f4xx_hal_uart.o(.text.UART_EndRxTransfer)
    [Anonymous Symbol]                       0x080034ca   Section        0  stm32f4xx_hal_uart.o(.text.UART_Receive_IT)
    UART_Receive_IT                          0x080034cb   Thumb Code   202  stm32f4xx_hal_uart.o(.text.UART_Receive_IT)
    [Anonymous Symbol]                       0x08003594   Section        0  stm32f4xx_hal_uart.o(.text.UART_SetConfig)
    UART_SetConfig                           0x08003595   Thumb Code   204  stm32f4xx_hal_uart.o(.text.UART_SetConfig)
    __arm_cp.2_0                             0x0800365c   Number         4  stm32f4xx_hal_uart.o(.text.UART_SetConfig)
    [Anonymous Symbol]                       0x08003660   Section        0  stm32f4xx_hal_uart.o(.text.UART_Start_Receive_IT)
    [Anonymous Symbol]                       0x08003694   Section        0  stm32f4xx_it.o(.text.USART1_IRQHandler)
    __arm_cp.12_0                            0x080036ac   Number         4  stm32f4xx_it.o(.text.USART1_IRQHandler)
    __arm_cp.12_1                            0x080036b0   Number         4  stm32f4xx_it.o(.text.USART1_IRQHandler)
    [Anonymous Symbol]                       0x080036b4   Section        0  stm32f4xx_it.o(.text.UsageFault_Handler)
    [Anonymous Symbol]                       0x080036b8   Section        0  tim.o(.text.Velocity_motorA_FeedbackControl)
    __arm_cp.20_0                            0x0800372c   Number         4  tim.o(.text.Velocity_motorA_FeedbackControl)
    [Anonymous Symbol]                       0x08003738   Section        0  tim.o(.text.Velocity_motorB_FeedbackControl)
    __arm_cp.21_0                            0x080037ac   Number         4  tim.o(.text.Velocity_motorB_FeedbackControl)
    [Anonymous Symbol]                       0x080037b8   Section        0  tim.o(.text.Velocity_motorC_FeedbackControl)
    __arm_cp.22_0                            0x0800382c   Number         4  tim.o(.text.Velocity_motorC_FeedbackControl)
    [Anonymous Symbol]                       0x08003838   Section        0  tim.o(.text.Velocity_motorD_FeedbackControl)
    __arm_cp.23_0                            0x080038ac   Number         4  tim.o(.text.Velocity_motorD_FeedbackControl)
    __arm_cp.23_3                            0x080038b8   Number         4  tim.o(.text.Velocity_motorD_FeedbackControl)
    [Anonymous Symbol]                       0x080038bc   Section        0  usart.o(.text._sys_exit)
    [Anonymous Symbol]                       0x080038c0   Section        0  delay.o(.text.delay_init)
    __arm_cp.0_0                             0x080038c8   Number         4  delay.o(.text.delay_init)
    [Anonymous Symbol]                       0x080038cc   Section        0  usart.o(.text.fputc)
    __arm_cp.3_0                             0x080038dc   Number         4  usart.o(.text.fputc)
    [Anonymous Symbol]                       0x080038e0   Section        0  tim.o(.text.get_speedA_1s)
    __arm_cp.16_0                            0x08003940   Number         4  tim.o(.text.get_speedA_1s)
    [Anonymous Symbol]                       0x08003944   Section        0  tim.o(.text.get_speedB_1s)
    __arm_cp.17_0                            0x080039a4   Number         4  tim.o(.text.get_speedB_1s)
    [Anonymous Symbol]                       0x080039a8   Section        0  tim.o(.text.get_speedC_1s)
    __arm_cp.18_0                            0x08003a08   Number         4  tim.o(.text.get_speedC_1s)
    [Anonymous Symbol]                       0x08003a0c   Section        0  tim.o(.text.get_speedD_1s)
    __arm_cp.19_0                            0x08003a6c   Number         4  tim.o(.text.get_speedD_1s)
    __arm_cp.19_1                            0x08003a70   Number         4  tim.o(.text.get_speedD_1s)
    [Anonymous Symbol]                       0x08003a78   Section        0  main.o(.text.key_proc)
    __arm_cp.0_0                             0x08003ba0   Number         4  main.o(.text.key_proc)
    __arm_cp.0_1                             0x08003ba4   Number         4  main.o(.text.key_proc)
    __arm_cp.0_2                             0x08003ba8   Number         4  main.o(.text.key_proc)
    __arm_cp.0_5                             0x08003bb0   Number         4  main.o(.text.key_proc)
    __arm_cp.0_6                             0x08003bb4   Number         4  main.o(.text.key_proc)
    __arm_cp.0_7                             0x08003bb8   Number         4  main.o(.text.key_proc)
    [Anonymous Symbol]                       0x08003bbc   Section        0  gpio.o(.text.key_scan)
    __arm_cp.1_0                             0x08003bc4   Number         4  gpio.o(.text.key_scan)
    [Anonymous Symbol]                       0x08003bc8   Section        0  main.o(.text.main)
    [Anonymous Symbol]                       0x08003c08   Section        0  tim.o(.text.motor_setspeed)
    __arm_cp.11_0                            0x08003d78   Number         4  tim.o(.text.motor_setspeed)
    __arm_cp.11_1                            0x08003d7c   Number         4  tim.o(.text.motor_setspeed)
    CL$$btod_d2e                             0x08003d80   Section       62  btod.o(CL$$btod_d2e)
    CL$$btod_d2e_denorm_low                  0x08003dbe   Section       70  btod.o(CL$$btod_d2e_denorm_low)
    CL$$btod_d2e_norm_op1                    0x08003e04   Section       96  btod.o(CL$$btod_d2e_norm_op1)
    CL$$btod_div_common                      0x08003e64   Section      824  btod.o(CL$$btod_div_common)
    CL$$btod_e2e                             0x0800419c   Section      220  btod.o(CL$$btod_e2e)
    CL$$btod_ediv                            0x08004278   Section       42  btod.o(CL$$btod_ediv)
    CL$$btod_emul                            0x080042a2   Section       42  btod.o(CL$$btod_emul)
    CL$$btod_mult_common                     0x080042cc   Section      580  btod.o(CL$$btod_mult_common)
    i.__ARM_fpclassify                       0x08004510   Section        0  fpclassify.o(i.__ARM_fpclassify)
    locale$$code                             0x08004540   Section       44  lc_numeric_c.o(locale$$code)
    x$fpl$dcmpinf                            0x0800456c   Section       24  dcmpi.o(x$fpl$dcmpinf)
    $v0                                      0x0800456c   Number         0  dcmpi.o(x$fpl$dcmpinf)
    x$fpl$deqf                               0x08004584   Section      120  deqf.o(x$fpl$deqf)
    $v0                                      0x08004584   Number         0  deqf.o(x$fpl$deqf)
    x$fpl$dgeqf                              0x080045fc   Section      120  dgeqf.o(x$fpl$dgeqf)
    $v0                                      0x080045fc   Number         0  dgeqf.o(x$fpl$dgeqf)
    x$fpl$dleqf                              0x08004674   Section      120  dleqf.o(x$fpl$dleqf)
    $v0                                      0x08004674   Number         0  dleqf.o(x$fpl$dleqf)
    x$fpl$dnaninf                            0x080046ec   Section      156  dnaninf.o(x$fpl$dnaninf)
    $v0                                      0x080046ec   Number         0  dnaninf.o(x$fpl$dnaninf)
    x$fpl$dretinf                            0x08004788   Section       12  dretinf.o(x$fpl$dretinf)
    $v0                                      0x08004788   Number         0  dretinf.o(x$fpl$dretinf)
    x$fpl$f2d                                0x08004794   Section       86  f2d.o(x$fpl$f2d)
    $v0                                      0x08004794   Number         0  f2d.o(x$fpl$f2d)
    x$fpl$fcmp                               0x080047ea   Section       84  dcmp.o(x$fpl$fcmp)
    $v0                                      0x080047ea   Number         0  dcmp.o(x$fpl$fcmp)
    x$fpl$ffltll                             0x0800483e   Section       96  ffltll_clz.o(x$fpl$ffltll)
    $v0                                      0x0800483e   Number         0  ffltll_clz.o(x$fpl$ffltll)
    x$fpl$fnaninf                            0x0800489e   Section      140  fnaninf.o(x$fpl$fnaninf)
    $v0                                      0x0800489e   Number         0  fnaninf.o(x$fpl$fnaninf)
    x$fpl$fpinit                             0x0800492a   Section       10  fpinit.o(x$fpl$fpinit)
    $v0                                      0x0800492a   Number         0  fpinit.o(x$fpl$fpinit)
    x$fpl$printf1                            0x08004934   Section        4  printf1.o(x$fpl$printf1)
    $v0                                      0x08004934   Number         0  printf1.o(x$fpl$printf1)
    .constdata                               0x08004938   Section      148  bigflt0.o(.constdata)
    x$fpl$usenofp                            0x08004938   Section        0  usenofp.o(x$fpl$usenofp)
    tenpwrs_x                                0x08004938   Data          60  bigflt0.o(.constdata)
    tenpwrs_i                                0x08004974   Data          64  bigflt0.o(.constdata)
    [Anonymous Symbol]                       0x080049e4   Section        0  stm32f4xx_it.o(.rodata.str1.1)
    .L.str                                   0x080049e4   Data          83  stm32f4xx_it.o(.rodata.str1.1)
    locale$$data                             0x08004a58   Section       28  lc_numeric_c.o(locale$$data)
    __lcnum_c_name                           0x08004a5c   Data           2  lc_numeric_c.o(locale$$data)
    __lcnum_c_start                          0x08004a64   Data           0  lc_numeric_c.o(locale$$data)
    __lcnum_c_point                          0x08004a70   Data           0  lc_numeric_c.o(locale$$data)
    __lcnum_c_thousands                      0x08004a72   Data           0  lc_numeric_c.o(locale$$data)
    __lcnum_c_grouping                       0x08004a73   Data           0  lc_numeric_c.o(locale$$data)
    __lcnum_c_end                            0x08004a74   Data           0  lc_numeric_c.o(locale$$data)
    [Anonymous Symbol]                       0x20000004   Section        0  stm32f4xx_hal.o(.data..L_MergedGlobals)
    .bss                                     0x20000020   Section       96  libspace.o(.bss)
    [Anonymous Symbol]                       0x20000080   Section        0  main.o(.bss..L_MergedGlobals)
    [Anonymous Symbol]                       0x20000090   Section        0  tim.o(.bss..L_MergedGlobals)
    [Anonymous Symbol]                       0x200000f0   Section        0  usart.o(.bss..L_MergedGlobals)
    [Anonymous Symbol]                       0x20000150   Section        0  stm32f4xx_it.o(.bss..L_MergedGlobals)
    [Anonymous Symbol]                       0x20000168   Section        0  main.o(.bss..L_MergedGlobals.1)
    key_val                                  0x20000168   Data           1  main.o(.bss..L_MergedGlobals.1)
    key_old                                  0x20000169   Data           1  main.o(.bss..L_MergedGlobals.1)
    key_down                                 0x2000016a   Data           1  main.o(.bss..L_MergedGlobals.1)
    key_up                                   0x2000016b   Data           1  main.o(.bss..L_MergedGlobals.1)
    [Anonymous Symbol]                       0x20000170   Section        0  tim.o(.bss..L_MergedGlobals.1)
    [Anonymous Symbol]                       0x200001c0   Section        0  usart.o(.bss..L_MergedGlobals.1)
    [Anonymous Symbol]                       0x20000220   Section        0  tim.o(.bss..L_MergedGlobals.2)
    [Anonymous Symbol]                       0x20000270   Section        0  tim.o(.bss..L_MergedGlobals.3)
    [Anonymous Symbol]                       0x200002c0   Section        0  tim.o(.bss..L_MergedGlobals.4)
    [Anonymous Symbol]                       0x20000310   Section        0  tim.o(.bss..L_MergedGlobals.5)
    Velocity_motorA_FeedbackControl.ControlVelocity_A 0x20000310   Data           2  tim.o(.bss..L_MergedGlobals.5)
    Velocity_motorB_FeedbackControl.ControlVelocity_B 0x20000312   Data           2  tim.o(.bss..L_MergedGlobals.5)
    Velocity_motorC_FeedbackControl.ControlVelocity_C 0x20000314   Data           2  tim.o(.bss..L_MergedGlobals.5)
    Velocity_motorD_FeedbackControl.ControlVelocity_D 0x20000316   Data           2  tim.o(.bss..L_MergedGlobals.5)
    Velocity_motorA_FeedbackControl.Last_Bias_A 0x20000318   Data           4  tim.o(.bss..L_MergedGlobals.5)
    Velocity_motorA_FeedbackControl.Last_Last_Bias_A 0x2000031c   Data           4  tim.o(.bss..L_MergedGlobals.5)
    Velocity_motorB_FeedbackControl.Last_Bias_B 0x20000320   Data           4  tim.o(.bss..L_MergedGlobals.5)
    Velocity_motorB_FeedbackControl.Last_Last_Bias_B 0x20000324   Data           4  tim.o(.bss..L_MergedGlobals.5)
    Velocity_motorC_FeedbackControl.Last_Bias_C 0x20000328   Data           4  tim.o(.bss..L_MergedGlobals.5)
    Velocity_motorC_FeedbackControl.Last_Last_Bias_C 0x2000032c   Data           4  tim.o(.bss..L_MergedGlobals.5)
    Velocity_motorD_FeedbackControl.Last_Bias_D 0x20000330   Data           4  tim.o(.bss..L_MergedGlobals.5)
    Velocity_motorD_FeedbackControl.Last_Last_Bias_D 0x20000334   Data           4  tim.o(.bss..L_MergedGlobals.5)
    [Anonymous Symbol]                       0x2000038c   Section        0  delay.o(.bss.g_fac_us)
    g_fac_us                                 0x2000038c   Data           4  delay.o(.bss.g_fac_us)
    HEAP                                     0x20000568   Section      512  startup_stm32f407xx.o(HEAP)
    Heap_Mem                                 0x20000568   Data         512  startup_stm32f407xx.o(HEAP)
    STACK                                    0x20000768   Section     1024  startup_stm32f407xx.o(STACK)
    Stack_Mem                                0x20000768   Data        1024  startup_stm32f407xx.o(STACK)
    __initial_sp                             0x20000b68   Data           0  startup_stm32f407xx.o(STACK)

    Global Symbols

    Symbol Name                              Value     Ov Type        Size  Object(Section)

    BuildAttributes$$THM_ISAv4$E$P$D$K$B$S$7EM$VFPi3$EXTD16$VFPS$VFMA$PE$A:L22UL41UL21$X:L11$S22US41US21$IEEE1$IW$~IW$USESV6$~STKCKD$USESV7$~SHL$OTIME$ROPI$IEEEJ$EBA8$UX$STANDARDLIB$REQ8$PRES8$EABIv2 0x00000000   Number         0  anon$$obj.o ABSOLUTE
    __ARM_exceptions_init                     - Undefined Weak Reference
    __alloca_initialize                       - Undefined Weak Reference
    __arm_preinit_                            - Undefined Weak Reference
    __cpp_initialize__aeabi_                  - Undefined Weak Reference
    __cxa_finalize                            - Undefined Weak Reference
    __sigvec_lookup                           - Undefined Weak Reference
    _atexit_init                              - Undefined Weak Reference
    _call_atexit_fns                          - Undefined Weak Reference
    _clock_init                               - Undefined Weak Reference
    _fp_trap_init                             - Undefined Weak Reference
    _fp_trap_shutdown                         - Undefined Weak Reference
    _get_lc_collate                           - Undefined Weak Reference
    _get_lc_ctype                             - Undefined Weak Reference
    _get_lc_monetary                          - Undefined Weak Reference
    _get_lc_time                              - Undefined Weak Reference
    _getenv_init                              - Undefined Weak Reference
    _handle_redirection                       - Undefined Weak Reference
    _init_alloc                               - Undefined Weak Reference
    _init_user_alloc                          - Undefined Weak Reference
    _initio                                   - Undefined Weak Reference
    _mutex_acquire                            - Undefined Weak Reference
    _mutex_release                            - Undefined Weak Reference
    _printf_post_padding                      - Undefined Weak Reference
    _printf_pre_padding                       - Undefined Weak Reference
    _printf_truncate_signed                   - Undefined Weak Reference
    _printf_truncate_unsigned                 - Undefined Weak Reference
    _rand_init                                - Undefined Weak Reference
    _signal_finish                            - Undefined Weak Reference
    _signal_init                              - Undefined Weak Reference
    _terminate_alloc                          - Undefined Weak Reference
    _terminate_user_alloc                     - Undefined Weak Reference
    _terminateio                              - Undefined Weak Reference
    __Vectors_Size                           0x00000188   Number         0  startup_stm32f407xx.o ABSOLUTE
    __Vectors                                0x08000000   Data           4  startup_stm32f407xx.o(RESET)
    __Vectors_End                            0x08000188   Data           0  startup_stm32f407xx.o(RESET)
    __main                                   0x08000189   Thumb Code     8  __main.o(!!!main)
    __scatterload                            0x08000191   Thumb Code     0  __scatter.o(!!!scatter)
    __scatterload_rt2                        0x08000191   Thumb Code    44  __scatter.o(!!!scatter)
    __scatterload_rt2_thumb_only             0x08000191   Thumb Code     0  __scatter.o(!!!scatter)
    __scatterload_null                       0x0800019f   Thumb Code     0  __scatter.o(!!!scatter)
    __scatterload_copy                       0x080001c5   Thumb Code    26  __scatter_copy.o(!!handler_copy)
    __scatterload_zeroinit                   0x080001e1   Thumb Code    28  __scatter_zi.o(!!handler_zi)
    _printf_f                                0x080001fd   Thumb Code     0  _printf_f.o(.ARM.Collect$$_printf_percent$$00000003)
    _printf_percent                          0x080001fd   Thumb Code     0  _printf_percent.o(.ARM.Collect$$_printf_percent$$00000000)
    _printf_d                                0x08000203   Thumb Code     0  _printf_d.o(.ARM.Collect$$_printf_percent$$00000009)
    _printf_percent_end                      0x08000209   Thumb Code     0  _printf_percent_end.o(.ARM.Collect$$_printf_percent$$00000017)
    __rt_lib_init                            0x0800020d   Thumb Code     0  libinit.o(.ARM.Collect$$libinit$$00000000)
    __rt_lib_init_fp_1                       0x0800020f   Thumb Code     0  libinit2.o(.ARM.Collect$$libinit$$00000001)
    __rt_lib_init_heap_1                     0x08000213   Thumb Code     0  libinit2.o(.ARM.Collect$$libinit$$0000000A)
    __rt_lib_init_lc_common                  0x08000213   Thumb Code     0  libinit2.o(.ARM.Collect$$libinit$$0000000F)
    __rt_lib_init_preinit_1                  0x08000213   Thumb Code     0  libinit2.o(.ARM.Collect$$libinit$$00000004)
    __rt_lib_init_rand_1                     0x08000213   Thumb Code     0  libinit2.o(.ARM.Collect$$libinit$$0000000E)
    __rt_lib_init_user_alloc_1               0x08000213   Thumb Code     0  libinit2.o(.ARM.Collect$$libinit$$0000000C)
    __rt_lib_init_lc_collate_1               0x08000219   Thumb Code     0  libinit2.o(.ARM.Collect$$libinit$$00000011)
    __rt_lib_init_lc_ctype_1                 0x08000219   Thumb Code     0  libinit2.o(.ARM.Collect$$libinit$$00000013)
    __rt_lib_init_lc_monetary_1              0x08000219   Thumb Code     0  libinit2.o(.ARM.Collect$$libinit$$00000015)
    __rt_lib_init_lc_numeric_2               0x08000219   Thumb Code     0  libinit2.o(.ARM.Collect$$libinit$$00000016)
    __rt_lib_init_alloca_1                   0x08000223   Thumb Code     0  libinit2.o(.ARM.Collect$$libinit$$0000002E)
    __rt_lib_init_argv_1                     0x08000223   Thumb Code     0  libinit2.o(.ARM.Collect$$libinit$$0000002C)
    __rt_lib_init_atexit_1                   0x08000223   Thumb Code     0  libinit2.o(.ARM.Collect$$libinit$$0000001B)
    __rt_lib_init_clock_1                    0x08000223   Thumb Code     0  libinit2.o(.ARM.Collect$$libinit$$00000021)
    __rt_lib_init_cpp_1                      0x08000223   Thumb Code     0  libinit2.o(.ARM.Collect$$libinit$$00000032)
    __rt_lib_init_exceptions_1               0x08000223   Thumb Code     0  libinit2.o(.ARM.Collect$$libinit$$00000030)
    __rt_lib_init_fp_trap_1                  0x08000223   Thumb Code     0  libinit2.o(.ARM.Collect$$libinit$$0000001F)
    __rt_lib_init_getenv_1                   0x08000223   Thumb Code     0  libinit2.o(.ARM.Collect$$libinit$$00000023)
    __rt_lib_init_lc_numeric_1               0x08000223   Thumb Code     0  libinit2.o(.ARM.Collect$$libinit$$00000017)
    __rt_lib_init_lc_time_1                  0x08000223   Thumb Code     0  libinit2.o(.ARM.Collect$$libinit$$00000019)
    __rt_lib_init_return                     0x08000223   Thumb Code     0  libinit2.o(.ARM.Collect$$libinit$$00000033)
    __rt_lib_init_signal_1                   0x08000223   Thumb Code     0  libinit2.o(.ARM.Collect$$libinit$$0000001D)
    __rt_lib_init_stdio_1                    0x08000223   Thumb Code     0  libinit2.o(.ARM.Collect$$libinit$$00000025)
    __rt_lib_shutdown                        0x08000225   Thumb Code     0  libshutdown.o(.ARM.Collect$$libshutdown$$00000000)
    __rt_lib_shutdown_cpp_1                  0x08000227   Thumb Code     0  libshutdown2.o(.ARM.Collect$$libshutdown$$00000002)
    __rt_lib_shutdown_fp_trap_1              0x08000227   Thumb Code     0  libshutdown2.o(.ARM.Collect$$libshutdown$$00000007)
    __rt_lib_shutdown_heap_1                 0x08000227   Thumb Code     0  libshutdown2.o(.ARM.Collect$$libshutdown$$0000000F)
    __rt_lib_shutdown_return                 0x08000227   Thumb Code     0  libshutdown2.o(.ARM.Collect$$libshutdown$$00000010)
    __rt_lib_shutdown_signal_1               0x08000227   Thumb Code     0  libshutdown2.o(.ARM.Collect$$libshutdown$$0000000A)
    __rt_lib_shutdown_stdio_1                0x08000227   Thumb Code     0  libshutdown2.o(.ARM.Collect$$libshutdown$$00000004)
    __rt_lib_shutdown_user_alloc_1           0x08000227   Thumb Code     0  libshutdown2.o(.ARM.Collect$$libshutdown$$0000000C)
    __rt_entry                               0x08000229   Thumb Code     0  __rtentry.o(.ARM.Collect$$rtentry$$00000000)
    __rt_entry_presh_1                       0x08000229   Thumb Code     0  __rtentry2.o(.ARM.Collect$$rtentry$$00000002)
    __rt_entry_sh                            0x08000229   Thumb Code     0  __rtentry4.o(.ARM.Collect$$rtentry$$00000004)
    __rt_entry_li                            0x0800022f   Thumb Code     0  __rtentry2.o(.ARM.Collect$$rtentry$$0000000A)
    __rt_entry_postsh_1                      0x0800022f   Thumb Code     0  __rtentry2.o(.ARM.Collect$$rtentry$$00000009)
    __rt_entry_main                          0x08000233   Thumb Code     0  __rtentry2.o(.ARM.Collect$$rtentry$$0000000D)
    __rt_entry_postli_1                      0x08000233   Thumb Code     0  __rtentry2.o(.ARM.Collect$$rtentry$$0000000C)
    __rt_exit                                0x0800023b   Thumb Code     0  rtexit.o(.ARM.Collect$$rtexit$$00000000)
    __rt_exit_ls                             0x0800023d   Thumb Code     0  rtexit2.o(.ARM.Collect$$rtexit$$00000003)
    __rt_exit_prels_1                        0x0800023d   Thumb Code     0  rtexit2.o(.ARM.Collect$$rtexit$$00000002)
    __rt_exit_exit                           0x08000241   Thumb Code     0  rtexit2.o(.ARM.Collect$$rtexit$$00000004)
    Reset_Handler                            0x08000249   Thumb Code     8  startup_stm32f407xx.o(.text)
    ADC_IRQHandler                           0x08000263   Thumb Code     0  startup_stm32f407xx.o(.text)
    CAN1_RX0_IRQHandler                      0x08000263   Thumb Code     0  startup_stm32f407xx.o(.text)
    CAN1_RX1_IRQHandler                      0x08000263   Thumb Code     0  startup_stm32f407xx.o(.text)
    CAN1_SCE_IRQHandler                      0x08000263   Thumb Code     0  startup_stm32f407xx.o(.text)
    CAN1_TX_IRQHandler                       0x08000263   Thumb Code     0  startup_stm32f407xx.o(.text)
    CAN2_RX0_IRQHandler                      0x08000263   Thumb Code     0  startup_stm32f407xx.o(.text)
    CAN2_RX1_IRQHandler                      0x08000263   Thumb Code     0  startup_stm32f407xx.o(.text)
    CAN2_SCE_IRQHandler                      0x08000263   Thumb Code     0  startup_stm32f407xx.o(.text)
    CAN2_TX_IRQHandler                       0x08000263   Thumb Code     0  startup_stm32f407xx.o(.text)
    DCMI_IRQHandler                          0x08000263   Thumb Code     0  startup_stm32f407xx.o(.text)
    DMA1_Stream0_IRQHandler                  0x08000263   Thumb Code     0  startup_stm32f407xx.o(.text)
    DMA1_Stream1_IRQHandler                  0x08000263   Thumb Code     0  startup_stm32f407xx.o(.text)
    DMA1_Stream2_IRQHandler                  0x08000263   Thumb Code     0  startup_stm32f407xx.o(.text)
    DMA1_Stream3_IRQHandler                  0x08000263   Thumb Code     0  startup_stm32f407xx.o(.text)
    DMA1_Stream4_IRQHandler                  0x08000263   Thumb Code     0  startup_stm32f407xx.o(.text)
    DMA1_Stream5_IRQHandler                  0x08000263   Thumb Code     0  startup_stm32f407xx.o(.text)
    DMA1_Stream6_IRQHandler                  0x08000263   Thumb Code     0  startup_stm32f407xx.o(.text)
    DMA1_Stream7_IRQHandler                  0x08000263   Thumb Code     0  startup_stm32f407xx.o(.text)
    DMA2_Stream0_IRQHandler                  0x08000263   Thumb Code     0  startup_stm32f407xx.o(.text)
    DMA2_Stream1_IRQHandler                  0x08000263   Thumb Code     0  startup_stm32f407xx.o(.text)
    DMA2_Stream3_IRQHandler                  0x08000263   Thumb Code     0  startup_stm32f407xx.o(.text)
    DMA2_Stream4_IRQHandler                  0x08000263   Thumb Code     0  startup_stm32f407xx.o(.text)
    DMA2_Stream5_IRQHandler                  0x08000263   Thumb Code     0  startup_stm32f407xx.o(.text)
    DMA2_Stream6_IRQHandler                  0x08000263   Thumb Code     0  startup_stm32f407xx.o(.text)
    ETH_IRQHandler                           0x08000263   Thumb Code     0  startup_stm32f407xx.o(.text)
    ETH_WKUP_IRQHandler                      0x08000263   Thumb Code     0  startup_stm32f407xx.o(.text)
    EXTI0_IRQHandler                         0x08000263   Thumb Code     0  startup_stm32f407xx.o(.text)
    EXTI15_10_IRQHandler                     0x08000263   Thumb Code     0  startup_stm32f407xx.o(.text)
    EXTI1_IRQHandler                         0x08000263   Thumb Code     0  startup_stm32f407xx.o(.text)
    EXTI2_IRQHandler                         0x08000263   Thumb Code     0  startup_stm32f407xx.o(.text)
    EXTI3_IRQHandler                         0x08000263   Thumb Code     0  startup_stm32f407xx.o(.text)
    EXTI4_IRQHandler                         0x08000263   Thumb Code     0  startup_stm32f407xx.o(.text)
    EXTI9_5_IRQHandler                       0x08000263   Thumb Code     0  startup_stm32f407xx.o(.text)
    FLASH_IRQHandler                         0x08000263   Thumb Code     0  startup_stm32f407xx.o(.text)
    FMC_IRQHandler                           0x08000263   Thumb Code     0  startup_stm32f407xx.o(.text)
    FPU_IRQHandler                           0x08000263   Thumb Code     0  startup_stm32f407xx.o(.text)
    HASH_RNG_IRQHandler                      0x08000263   Thumb Code     0  startup_stm32f407xx.o(.text)
    I2C1_ER_IRQHandler                       0x08000263   Thumb Code     0  startup_stm32f407xx.o(.text)
    I2C1_EV_IRQHandler                       0x08000263   Thumb Code     0  startup_stm32f407xx.o(.text)
    I2C2_ER_IRQHandler                       0x08000263   Thumb Code     0  startup_stm32f407xx.o(.text)
    I2C2_EV_IRQHandler                       0x08000263   Thumb Code     0  startup_stm32f407xx.o(.text)
    I2C3_ER_IRQHandler                       0x08000263   Thumb Code     0  startup_stm32f407xx.o(.text)
    I2C3_EV_IRQHandler                       0x08000263   Thumb Code     0  startup_stm32f407xx.o(.text)
    OTG_FS_IRQHandler                        0x08000263   Thumb Code     0  startup_stm32f407xx.o(.text)
    OTG_FS_WKUP_IRQHandler                   0x08000263   Thumb Code     0  startup_stm32f407xx.o(.text)
    OTG_HS_EP1_IN_IRQHandler                 0x08000263   Thumb Code     0  startup_stm32f407xx.o(.text)
    OTG_HS_EP1_OUT_IRQHandler                0x08000263   Thumb Code     0  startup_stm32f407xx.o(.text)
    OTG_HS_IRQHandler                        0x08000263   Thumb Code     0  startup_stm32f407xx.o(.text)
    OTG_HS_WKUP_IRQHandler                   0x08000263   Thumb Code     0  startup_stm32f407xx.o(.text)
    PVD_IRQHandler                           0x08000263   Thumb Code     0  startup_stm32f407xx.o(.text)
    RCC_IRQHandler                           0x08000263   Thumb Code     0  startup_stm32f407xx.o(.text)
    RTC_Alarm_IRQHandler                     0x08000263   Thumb Code     0  startup_stm32f407xx.o(.text)
    RTC_WKUP_IRQHandler                      0x08000263   Thumb Code     0  startup_stm32f407xx.o(.text)
    SDIO_IRQHandler                          0x08000263   Thumb Code     0  startup_stm32f407xx.o(.text)
    SPI1_IRQHandler                          0x08000263   Thumb Code     0  startup_stm32f407xx.o(.text)
    SPI2_IRQHandler                          0x08000263   Thumb Code     0  startup_stm32f407xx.o(.text)
    SPI3_IRQHandler                          0x08000263   Thumb Code     0  startup_stm32f407xx.o(.text)
    TAMP_STAMP_IRQHandler                    0x08000263   Thumb Code     0  startup_stm32f407xx.o(.text)
    TIM1_BRK_TIM9_IRQHandler                 0x08000263   Thumb Code     0  startup_stm32f407xx.o(.text)
    TIM1_CC_IRQHandler                       0x08000263   Thumb Code     0  startup_stm32f407xx.o(.text)
    TIM1_TRG_COM_TIM11_IRQHandler            0x08000263   Thumb Code     0  startup_stm32f407xx.o(.text)
    TIM1_UP_TIM10_IRQHandler                 0x08000263   Thumb Code     0  startup_stm32f407xx.o(.text)
    TIM5_IRQHandler                          0x08000263   Thumb Code     0  startup_stm32f407xx.o(.text)
    TIM6_DAC_IRQHandler                      0x08000263   Thumb Code     0  startup_stm32f407xx.o(.text)
    TIM8_BRK_TIM12_IRQHandler                0x08000263   Thumb Code     0  startup_stm32f407xx.o(.text)
    TIM8_CC_IRQHandler                       0x08000263   Thumb Code     0  startup_stm32f407xx.o(.text)
    TIM8_TRG_COM_TIM14_IRQHandler            0x08000263   Thumb Code     0  startup_stm32f407xx.o(.text)
    UART4_IRQHandler                         0x08000263   Thumb Code     0  startup_stm32f407xx.o(.text)
    UART5_IRQHandler                         0x08000263   Thumb Code     0  startup_stm32f407xx.o(.text)
    USART2_IRQHandler                        0x08000263   Thumb Code     0  startup_stm32f407xx.o(.text)
    USART3_IRQHandler                        0x08000263   Thumb Code     0  startup_stm32f407xx.o(.text)
    USART6_IRQHandler                        0x08000263   Thumb Code     0  startup_stm32f407xx.o(.text)
    WWDG_IRQHandler                          0x08000263   Thumb Code     0  startup_stm32f407xx.o(.text)
    __user_initial_stackheap                 0x08000265   Thumb Code     0  startup_stm32f407xx.o(.text)
    __use_no_semihosting                     0x08000289   Thumb Code     2  use_no_semi_2.o(.text)
    __aeabi_uldivmod                         0x0800028b   Thumb Code     0  lludivv7m.o(.text)
    _ll_udiv                                 0x0800028b   Thumb Code   238  lludivv7m.o(.text)
    __2printf                                0x08000379   Thumb Code    20  noretval__2printf.o(.text)
    __printf                                 0x08000391   Thumb Code   104  __printf.o(.text)
    _printf_int_dec                          0x080003f9   Thumb Code   104  _printf_dec.o(.text)
    __aeabi_memclr4                          0x08000471   Thumb Code     0  rt_memclr_w.o(.text)
    __aeabi_memclr8                          0x08000471   Thumb Code     0  rt_memclr_w.o(.text)
    __rt_memclr_w                            0x08000471   Thumb Code    78  rt_memclr_w.o(.text)
    _memset_w                                0x08000475   Thumb Code     0  rt_memclr_w.o(.text)
    __use_two_region_memory                  0x080004bf   Thumb Code     2  heapauxi.o(.text)
    __rt_heap_escrow$2region                 0x080004c1   Thumb Code     2  heapauxi.o(.text)
    __rt_heap_expand$2region                 0x080004c3   Thumb Code     2  heapauxi.o(.text)
    __semihosting$guard                      0x080004c5   Thumb Code     0  use_no_semi.o(.text)
    __use_no_semihosting_swi                 0x080004c5   Thumb Code     2  use_no_semi.o(.text)
    _printf_int_common                       0x080004c7   Thumb Code   178  _printf_intcommon.o(.text)
    __lib_sel_fp_printf                      0x08000579   Thumb Code     2  _printf_fp_dec.o(.text)
    _printf_fp_dec_real                      0x0800072b   Thumb Code   620  _printf_fp_dec.o(.text)
    _printf_char_file                        0x08000999   Thumb Code    32  _printf_char_file.o(.text)
    __rt_locale                              0x080009bd   Thumb Code     8  rt_locale_intlibspace.o(.text)
    _ll_udiv10                               0x080009c5   Thumb Code   138  lludiv10.o(.text)
    _printf_char_common                      0x08000a5b   Thumb Code    32  _printf_char_common.o(.text)
    _printf_fp_infnan                        0x08000a81   Thumb Code   112  _printf_fp_infnan.o(.text)
    _btod_etento                             0x08000b01   Thumb Code   224  bigflt0.o(.text)
    ferror                                   0x08000be5   Thumb Code     8  ferror.o(.text)
    __user_libspace                          0x08000bed   Thumb Code     8  libspace.o(.text)
    __user_perproc_libspace                  0x08000bed   Thumb Code     0  libspace.o(.text)
    __user_perthread_libspace                0x08000bed   Thumb Code     0  libspace.o(.text)
    __user_setup_stackheap                   0x08000bf5   Thumb Code    74  sys_stackheap_outer.o(.text)
    exit                                     0x08000c3f   Thumb Code    18  exit.o(.text)
    strcmp                                   0x08000c51   Thumb Code   124  strcmpv7em.o(.text)
    BusFault_Handler                         0x08000ccd   Thumb Code     2  stm32f4xx_it.o(.text.BusFault_Handler)
    DMA2_Stream2_IRQHandler                  0x08000cd1   Thumb Code    12  stm32f4xx_it.o(.text.DMA2_Stream2_IRQHandler)
    DMA2_Stream7_IRQHandler                  0x08000cdd   Thumb Code    12  stm32f4xx_it.o(.text.DMA2_Stream7_IRQHandler)
    DebugMon_Handler                         0x08000d21   Thumb Code     2  stm32f4xx_it.o(.text.DebugMon_Handler)
    Error_Handler                            0x08000d23   Thumb Code     4  main.o(.text.Error_Handler)
    HAL_DMA_Abort                            0x08000d27   Thumb Code   132  stm32f4xx_hal_dma.o(.text.HAL_DMA_Abort)
    HAL_DMA_Abort_IT                         0x08000dab   Thumb Code    36  stm32f4xx_hal_dma.o(.text.HAL_DMA_Abort_IT)
    HAL_DMA_IRQHandler                       0x08000dd1   Thumb Code   384  stm32f4xx_hal_dma.o(.text.HAL_DMA_IRQHandler)
    HAL_DMA_Init                             0x08000f51   Thumb Code   300  stm32f4xx_hal_dma.o(.text.HAL_DMA_Init)
    HAL_GPIO_Init                            0x0800107d   Thumb Code   400  stm32f4xx_hal_gpio.o(.text.HAL_GPIO_Init)
    HAL_GPIO_ReadPin                         0x0800120d   Thumb Code    10  stm32f4xx_hal_gpio.o(.text.HAL_GPIO_ReadPin)
    HAL_GPIO_WritePin                        0x08001217   Thumb Code    10  stm32f4xx_hal_gpio.o(.text.HAL_GPIO_WritePin)
    HAL_GetTick                              0x08001221   Thumb Code    12  stm32f4xx_hal.o(.text.HAL_GetTick)
    HAL_IncTick                              0x08001229   Thumb Code    16  stm32f4xx_hal.o(.text.HAL_IncTick)
    HAL_Init                                 0x08001235   Thumb Code    52  stm32f4xx_hal.o(.text.HAL_Init)
    HAL_InitTick                             0x08001269   Thumb Code    64  stm32f4xx_hal.o(.text.HAL_InitTick)
    HAL_MspInit                              0x080012a5   Thumb Code    60  stm32f4xx_hal_msp.o(.text.HAL_MspInit)
    HAL_NVIC_EnableIRQ                       0x080012e1   Thumb Code    28  stm32f4xx_hal_cortex.o(.text.HAL_NVIC_EnableIRQ)
    HAL_NVIC_SetPriority                     0x080012fd   Thumb Code    92  stm32f4xx_hal_cortex.o(.text.HAL_NVIC_SetPriority)
    HAL_NVIC_SetPriorityGrouping             0x08001355   Thumb Code    32  stm32f4xx_hal_cortex.o(.text.HAL_NVIC_SetPriorityGrouping)
    HAL_RCCEx_PeriphCLKConfig                0x08001375   Thumb Code   320  stm32f4xx_hal_rcc_ex.o(.text.HAL_RCCEx_PeriphCLKConfig)
    HAL_RCC_ClockConfig                      0x080014b1   Thumb Code   304  stm32f4xx_hal_rcc.o(.text.HAL_RCC_ClockConfig)
    HAL_RCC_GetPCLK1Freq                     0x080015dd   Thumb Code    32  stm32f4xx_hal_rcc.o(.text.HAL_RCC_GetPCLK1Freq)
    HAL_RCC_GetPCLK2Freq                     0x080015f1   Thumb Code    32  stm32f4xx_hal_rcc.o(.text.HAL_RCC_GetPCLK2Freq)
    HAL_RCC_GetSysClockFreq                  0x08001611   Thumb Code    96  stm32f4xx_hal_rcc.o(.text.HAL_RCC_GetSysClockFreq)
    HAL_RCC_OscConfig                        0x0800166d   Thumb Code   884  stm32f4xx_hal_rcc.o(.text.HAL_RCC_OscConfig)
    HAL_RTC_Init                             0x080019e1   Thumb Code   144  stm32f4xx_hal_rtc.o(.text.HAL_RTC_Init)
    HAL_RTC_MspInit                          0x08001a71   Thumb Code    60  rtc.o(.text.HAL_RTC_MspInit)
    HAL_RTC_WaitForSynchro                   0x08001aad   Thumb Code    52  stm32f4xx_hal_rtc.o(.text.HAL_RTC_WaitForSynchro)
    HAL_SYSTICK_Config                       0x08001ae1   Thumb Code    40  stm32f4xx_hal_cortex.o(.text.HAL_SYSTICK_Config)
    HAL_TIMEx_BreakCallback                  0x08001b09   Thumb Code     2  stm32f4xx_hal_tim_ex.o(.text.HAL_TIMEx_BreakCallback)
    HAL_TIMEx_CommutCallback                 0x08001b0b   Thumb Code     2  stm32f4xx_hal_tim_ex.o(.text.HAL_TIMEx_CommutCallback)
    HAL_TIMEx_ConfigBreakDeadTime            0x08001b0d   Thumb Code    80  stm32f4xx_hal_tim_ex.o(.text.HAL_TIMEx_ConfigBreakDeadTime)
    HAL_TIMEx_MasterConfigSynchronization    0x08001b5d   Thumb Code   152  stm32f4xx_hal_tim_ex.o(.text.HAL_TIMEx_MasterConfigSynchronization)
    HAL_TIM_Base_Init                        0x08001bd9   Thumb Code    88  stm32f4xx_hal_tim.o(.text.HAL_TIM_Base_Init)
    HAL_TIM_Base_MspInit                     0x08001c31   Thumb Code   100  tim.o(.text.HAL_TIM_Base_MspInit)
    HAL_TIM_Base_Start_IT                    0x08001c91   Thumb Code   128  stm32f4xx_hal_tim.o(.text.HAL_TIM_Base_Start_IT)
    HAL_TIM_ConfigClockSource                0x08001d11   Thumb Code   248  stm32f4xx_hal_tim.o(.text.HAL_TIM_ConfigClockSource)
    HAL_TIM_Encoder_Init                     0x08001e09   Thumb Code   176  stm32f4xx_hal_tim.o(.text.HAL_TIM_Encoder_Init)
    HAL_TIM_Encoder_MspInit                  0x08001eb9   Thumb Code   396  tim.o(.text.HAL_TIM_Encoder_MspInit)
    HAL_TIM_Encoder_Start_IT                 0x08002041   Thumb Code   218  stm32f4xx_hal_tim.o(.text.HAL_TIM_Encoder_Start_IT)
    HAL_TIM_IC_CaptureCallback               0x0800211b   Thumb Code     2  stm32f4xx_hal_tim.o(.text.HAL_TIM_IC_CaptureCallback)
    HAL_TIM_IRQHandler                       0x0800211d   Thumb Code   282  stm32f4xx_hal_tim.o(.text.HAL_TIM_IRQHandler)
    HAL_TIM_MspPostInit                      0x08002239   Thumb Code    88  tim.o(.text.HAL_TIM_MspPostInit)
    HAL_TIM_OC_DelayElapsedCallback          0x0800228d   Thumb Code     2  stm32f4xx_hal_tim.o(.text.HAL_TIM_OC_DelayElapsedCallback)
    HAL_TIM_PWM_ConfigChannel                0x08002291   Thumb Code   154  stm32f4xx_hal_tim.o(.text.HAL_TIM_PWM_ConfigChannel)
    HAL_TIM_PWM_Init                         0x0800232b   Thumb Code    88  stm32f4xx_hal_tim.o(.text.HAL_TIM_PWM_Init)
    HAL_TIM_PWM_MspInit                      0x08002383   Thumb Code     2  stm32f4xx_hal_tim.o(.text.HAL_TIM_PWM_MspInit)
    HAL_TIM_PWM_PulseFinishedCallback        0x08002385   Thumb Code     2  stm32f4xx_hal_tim.o(.text.HAL_TIM_PWM_PulseFinishedCallback)
    HAL_TIM_PWM_Start                        0x08002389   Thumb Code   248  stm32f4xx_hal_tim.o(.text.HAL_TIM_PWM_Start)
    HAL_TIM_PeriodElapsedCallback            0x08002481   Thumb Code   724  stm32f4xx_it.o(.text.HAL_TIM_PeriodElapsedCallback)
    HAL_TIM_TriggerCallback                  0x08002755   Thumb Code     2  stm32f4xx_hal_tim.o(.text.HAL_TIM_TriggerCallback)
    HAL_UARTEx_RxEventCallback               0x08002757   Thumb Code     2  stm32f4xx_hal_uart.o(.text.HAL_UARTEx_RxEventCallback)
    HAL_UART_ErrorCallback                   0x08002759   Thumb Code     2  stm32f4xx_hal_uart.o(.text.HAL_UART_ErrorCallback)
    HAL_UART_IRQHandler                      0x0800275d   Thumb Code   696  stm32f4xx_hal_uart.o(.text.HAL_UART_IRQHandler)
    HAL_UART_Init                            0x08002a15   Thumb Code    94  stm32f4xx_hal_uart.o(.text.HAL_UART_Init)
    HAL_UART_MspInit                         0x08002a75   Thumb Code   236  usart.o(.text.HAL_UART_MspInit)
    HAL_UART_Receive_IT                      0x08002b5d   Thumb Code    32  stm32f4xx_hal_uart.o(.text.HAL_UART_Receive_IT)
    HAL_UART_RxCpltCallback                  0x08002b7d   Thumb Code    12  stm32f4xx_it.o(.text.HAL_UART_RxCpltCallback)
    HAL_UART_TxCpltCallback                  0x08002b89   Thumb Code     2  stm32f4xx_hal_uart.o(.text.HAL_UART_TxCpltCallback)
    HardFault_Handler                        0x08002b8b   Thumb Code     2  stm32f4xx_it.o(.text.HardFault_Handler)
    MX_DMA_Init                              0x08002b8d   Thumb Code    68  dma.o(.text.MX_DMA_Init)
    MX_GPIO_Init                             0x08002bcd   Thumb Code   184  gpio.o(.text.MX_GPIO_Init)
    MX_RTC_Init                              0x08002c85   Thumb Code    48  rtc.o(.text.MX_RTC_Init)
    MX_TIM1_Init                             0x08002cb5   Thumb Code   308  tim.o(.text.MX_TIM1_Init)
    MX_TIM2_Init                             0x08002de9   Thumb Code   120  tim.o(.text.MX_TIM2_Init)
    MX_TIM3_Init                             0x08002e61   Thumb Code   124  tim.o(.text.MX_TIM3_Init)
    MX_TIM4_Init                             0x08002edd   Thumb Code   124  tim.o(.text.MX_TIM4_Init)
    MX_TIM7_Init                             0x08002f55   Thumb Code    72  tim.o(.text.MX_TIM7_Init)
    MX_TIM8_Init                             0x08002f99   Thumb Code   124  tim.o(.text.MX_TIM8_Init)
    MX_USART1_UART_Init                      0x08003011   Thumb Code    68  usart.o(.text.MX_USART1_UART_Init)
    MemManage_Handler                        0x08003055   Thumb Code     2  stm32f4xx_it.o(.text.MemManage_Handler)
    NMI_Handler                              0x08003057   Thumb Code     2  stm32f4xx_it.o(.text.NMI_Handler)
    PendSV_Handler                           0x08003059   Thumb Code     2  stm32f4xx_it.o(.text.PendSV_Handler)
    RTC_EnterInitMode                        0x0800305b   Thumb Code    76  stm32f4xx_hal_rtc.o(.text.RTC_EnterInitMode)
    RTC_ExitInitMode                         0x080030a7   Thumb Code    42  stm32f4xx_hal_rtc.o(.text.RTC_ExitInitMode)
    SVC_Handler                              0x080030d1   Thumb Code     2  stm32f4xx_it.o(.text.SVC_Handler)
    SysTick_Handler                          0x080030d3   Thumb Code     4  stm32f4xx_it.o(.text.SysTick_Handler)
    SystemClock_Config                       0x080030d9   Thumb Code   164  main.o(.text.SystemClock_Config)
    SystemInit                               0x0800317d   Thumb Code    16  system_stm32f4xx.o(.text.SystemInit)
    TIM2_IRQHandler                          0x0800318d   Thumb Code    12  stm32f4xx_it.o(.text.TIM2_IRQHandler)
    TIM3_IRQHandler                          0x08003199   Thumb Code    12  stm32f4xx_it.o(.text.TIM3_IRQHandler)
    TIM4_IRQHandler                          0x080031a5   Thumb Code    12  stm32f4xx_it.o(.text.TIM4_IRQHandler)
    TIM7_IRQHandler                          0x080031b1   Thumb Code    12  stm32f4xx_it.o(.text.TIM7_IRQHandler)
    TIM8_UP_TIM13_IRQHandler                 0x080031bd   Thumb Code    12  stm32f4xx_it.o(.text.TIM8_UP_TIM13_IRQHandler)
    TIM_Base_SetConfig                       0x080031c9   Thumb Code   228  stm32f4xx_hal_tim.o(.text.TIM_Base_SetConfig)
    TIM_OC2_SetConfig                        0x08003309   Thumb Code   108  stm32f4xx_hal_tim.o(.text.TIM_OC2_SetConfig)
    UART_Start_Receive_IT                    0x08003661   Thumb Code    50  stm32f4xx_hal_uart.o(.text.UART_Start_Receive_IT)
    USART1_IRQHandler                        0x08003695   Thumb Code    32  stm32f4xx_it.o(.text.USART1_IRQHandler)
    UsageFault_Handler                       0x080036b5   Thumb Code     2  stm32f4xx_it.o(.text.UsageFault_Handler)
    Velocity_motorA_FeedbackControl          0x080036b9   Thumb Code   132  tim.o(.text.Velocity_motorA_FeedbackControl)
    Velocity_motorB_FeedbackControl          0x08003739   Thumb Code   132  tim.o(.text.Velocity_motorB_FeedbackControl)
    Velocity_motorC_FeedbackControl          0x080037b9   Thumb Code   132  tim.o(.text.Velocity_motorC_FeedbackControl)
    Velocity_motorD_FeedbackControl          0x08003839   Thumb Code   132  tim.o(.text.Velocity_motorD_FeedbackControl)
    _sys_exit                                0x080038bd   Thumb Code     2  usart.o(.text._sys_exit)
    delay_init                               0x080038c1   Thumb Code    12  delay.o(.text.delay_init)
    fputc                                    0x080038cd   Thumb Code    20  usart.o(.text.fputc)
    get_speedA_1s                            0x080038e1   Thumb Code   104  tim.o(.text.get_speedA_1s)
    get_speedB_1s                            0x08003945   Thumb Code   104  tim.o(.text.get_speedB_1s)
    get_speedC_1s                            0x080039a9   Thumb Code   104  tim.o(.text.get_speedC_1s)
    get_speedD_1s                            0x08003a0d   Thumb Code   104  tim.o(.text.get_speedD_1s)
    key_proc                                 0x08003a79   Thumb Code   328  main.o(.text.key_proc)
    key_scan                                 0x08003bbd   Thumb Code    12  gpio.o(.text.key_scan)
    main                                     0x08003bc9   Thumb Code    62  main.o(.text.main)
    motor_setspeed                           0x08003c09   Thumb Code   376  tim.o(.text.motor_setspeed)
    _btod_d2e                                0x08003d81   Thumb Code    62  btod.o(CL$$btod_d2e)
    _d2e_denorm_low                          0x08003dbf   Thumb Code    70  btod.o(CL$$btod_d2e_denorm_low)
    _d2e_norm_op1                            0x08003e05   Thumb Code    96  btod.o(CL$$btod_d2e_norm_op1)
    __btod_div_common                        0x08003e65   Thumb Code   696  btod.o(CL$$btod_div_common)
    _e2e                                     0x0800419d   Thumb Code   220  btod.o(CL$$btod_e2e)
    _btod_ediv                               0x08004279   Thumb Code    42  btod.o(CL$$btod_ediv)
    _btod_emul                               0x080042a3   Thumb Code    42  btod.o(CL$$btod_emul)
    __btod_mult_common                       0x080042cd   Thumb Code   580  btod.o(CL$$btod_mult_common)
    __ARM_fpclassify                         0x08004511   Thumb Code    48  fpclassify.o(i.__ARM_fpclassify)
    _get_lc_numeric                          0x08004541   Thumb Code    44  lc_numeric_c.o(locale$$code)
    __fpl_dcmp_Inf                           0x0800456d   Thumb Code    24  dcmpi.o(x$fpl$dcmpinf)
    __aeabi_cdcmpeq                          0x08004585   Thumb Code     0  deqf.o(x$fpl$deqf)
    _dcmpeq                                  0x08004585   Thumb Code   120  deqf.o(x$fpl$deqf)
    __aeabi_cdcmpge                          0x080045fd   Thumb Code     0  dgeqf.o(x$fpl$dgeqf)
    _dcmpge                                  0x080045fd   Thumb Code   120  dgeqf.o(x$fpl$dgeqf)
    __aeabi_cdcmple                          0x08004675   Thumb Code     0  dleqf.o(x$fpl$dleqf)
    _dcmple                                  0x08004675   Thumb Code   120  dleqf.o(x$fpl$dleqf)
    __fpl_dcmple_InfNaN                      0x080046d7   Thumb Code     0  dleqf.o(x$fpl$dleqf)
    __fpl_dnaninf                            0x080046ed   Thumb Code   156  dnaninf.o(x$fpl$dnaninf)
    __fpl_dretinf                            0x08004789   Thumb Code    12  dretinf.o(x$fpl$dretinf)
    __aeabi_f2d                              0x08004795   Thumb Code     0  f2d.o(x$fpl$f2d)
    _f2d                                     0x08004795   Thumb Code    86  f2d.o(x$fpl$f2d)
    __aeabi_dcmpeq                           0x080047eb   Thumb Code     0  dcmp.o(x$fpl$fcmp)
    _deq                                     0x080047eb   Thumb Code    14  dcmp.o(x$fpl$fcmp)
    _dneq                                    0x080047f9   Thumb Code    14  dcmp.o(x$fpl$fcmp)
    __aeabi_dcmpgt                           0x08004807   Thumb Code     0  dcmp.o(x$fpl$fcmp)
    _dgr                                     0x08004807   Thumb Code    14  dcmp.o(x$fpl$fcmp)
    __aeabi_dcmpge                           0x08004815   Thumb Code     0  dcmp.o(x$fpl$fcmp)
    _dgeq                                    0x08004815   Thumb Code    14  dcmp.o(x$fpl$fcmp)
    __aeabi_dcmple                           0x08004823   Thumb Code     0  dcmp.o(x$fpl$fcmp)
    _dleq                                    0x08004823   Thumb Code    14  dcmp.o(x$fpl$fcmp)
    __aeabi_dcmplt                           0x08004831   Thumb Code     0  dcmp.o(x$fpl$fcmp)
    _dls                                     0x08004831   Thumb Code    14  dcmp.o(x$fpl$fcmp)
    __aeabi_ul2f                             0x0800483f   Thumb Code     0  ffltll_clz.o(x$fpl$ffltll)
    _ll_uto_f                                0x0800483f   Thumb Code     6  ffltll_clz.o(x$fpl$ffltll)
    __aeabi_l2f                              0x08004845   Thumb Code     0  ffltll_clz.o(x$fpl$ffltll)
    _ll_sto_f                                0x08004845   Thumb Code    90  ffltll_clz.o(x$fpl$ffltll)
    __fpl_fnaninf                            0x0800489f   Thumb Code   140  fnaninf.o(x$fpl$fnaninf)
    _fp_init                                 0x0800492b   Thumb Code    10  fpinit.o(x$fpl$fpinit)
    __fplib_config_fpu_vfp                   0x08004933   Thumb Code     0  fpinit.o(x$fpl$fpinit)
    __fplib_config_pureend_doubles           0x08004933   Thumb Code     0  fpinit.o(x$fpl$fpinit)
    _printf_fp_dec                           0x08004935   Thumb Code     4  printf1.o(x$fpl$printf1)
    __I$use$fp                               0x08004938   Number         0  usenofp.o(x$fpl$usenofp)
    AHBPrescTable                            0x080049cc   Data          16  system_stm32f4xx.o(.rodata.AHBPrescTable)
    APBPrescTable                            0x080049dc   Data           8  system_stm32f4xx.o(.rodata.APBPrescTable)
    Region$$Table$$Base                      0x08004a38   Number         0  anon$$obj.o(Region$$Table)
    Region$$Table$$Limit                     0x08004a58   Number         0  anon$$obj.o(Region$$Table)
    __ARM_use_no_argv                        0x20000000   Data           4  main.o(.ARM.use_no_argv)
    uwTickFreq                               0x20000004   Data           1  stm32f4xx_hal.o(.data..L_MergedGlobals)
    uwTickPrio                               0x20000008   Data           4  stm32f4xx_hal.o(.data..L_MergedGlobals)
    uwTick                                   0x2000000c   Data           4  stm32f4xx_hal.o(.data..L_MergedGlobals)
    SystemCoreClock                          0x20000010   Data           4  system_stm32f4xx.o(.data.SystemCoreClock)
    __libspace_start                         0x20000020   Data          96  libspace.o(.bss)
    __temporary_stack_top$libspace           0x20000080   Data           0  libspace.o(.bss)
    key_flag                                 0x20000080   Data           1  main.o(.bss..L_MergedGlobals)
    keytime_flag                             0x20000081   Data           1  main.o(.bss..L_MergedGlobals)
    keytime_count                            0x20000082   Data           2  main.o(.bss..L_MergedGlobals)
    encodeA_count                            0x20000090   Data           4  tim.o(.bss..L_MergedGlobals)
    encodeB_count                            0x20000094   Data           4  tim.o(.bss..L_MergedGlobals)
    encodeC_count                            0x20000098   Data           4  tim.o(.bss..L_MergedGlobals)
    encodeD_count                            0x2000009c   Data           4  tim.o(.bss..L_MergedGlobals)
    varA                                     0x200000a0   Data           4  tim.o(.bss..L_MergedGlobals)
    varB                                     0x200000a4   Data           4  tim.o(.bss..L_MergedGlobals)
    varC                                     0x200000a8   Data           4  tim.o(.bss..L_MergedGlobals)
    varD                                     0x200000ac   Data           4  tim.o(.bss..L_MergedGlobals)
    EncodeA_now                              0x200000b0   Data           8  tim.o(.bss..L_MergedGlobals)
    EncodeA_old                              0x200000b8   Data           8  tim.o(.bss..L_MergedGlobals)
    EncodeB_now                              0x200000c0   Data           8  tim.o(.bss..L_MergedGlobals)
    EncodeB_old                              0x200000c8   Data           8  tim.o(.bss..L_MergedGlobals)
    EncodeC_now                              0x200000d0   Data           8  tim.o(.bss..L_MergedGlobals)
    EncodeC_old                              0x200000d8   Data           8  tim.o(.bss..L_MergedGlobals)
    EncodeD_now                              0x200000e0   Data           8  tim.o(.bss..L_MergedGlobals)
    EncodeD_old                              0x200000e8   Data           8  tim.o(.bss..L_MergedGlobals)
    hdma_usart1_tx                           0x200000f0   Data          96  usart.o(.bss..L_MergedGlobals)
    pwmA                                     0x20000150   Data           2  stm32f4xx_it.o(.bss..L_MergedGlobals)
    pwmB                                     0x20000152   Data           2  stm32f4xx_it.o(.bss..L_MergedGlobals)
    pwmC                                     0x20000154   Data           2  stm32f4xx_it.o(.bss..L_MergedGlobals)
    pwmD                                     0x20000156   Data           2  stm32f4xx_it.o(.bss..L_MergedGlobals)
    targetA                                  0x20000158   Data           4  stm32f4xx_it.o(.bss..L_MergedGlobals)
    targetB                                  0x2000015c   Data           4  stm32f4xx_it.o(.bss..L_MergedGlobals)
    targetC                                  0x20000160   Data           4  stm32f4xx_it.o(.bss..L_MergedGlobals)
    targetD                                  0x20000164   Data           4  stm32f4xx_it.o(.bss..L_MergedGlobals)
    htim2                                    0x20000170   Data          72  tim.o(.bss..L_MergedGlobals.1)
    hdma_usart1_rx                           0x200001c0   Data          96  usart.o(.bss..L_MergedGlobals.1)
    htim3                                    0x20000220   Data          72  tim.o(.bss..L_MergedGlobals.2)
    htim4                                    0x20000270   Data          72  tim.o(.bss..L_MergedGlobals.3)
    htim8                                    0x200002c0   Data          72  tim.o(.bss..L_MergedGlobals.4)
    __stdout                                 0x20000338   Data          84  usart.o(.bss.__stdout)
    hrtc                                     0x20000390   Data          32  rtc.o(.bss.hrtc)
    htim1                                    0x200003b0   Data          72  tim.o(.bss.htim1)
    htim7                                    0x200003f8   Data          72  tim.o(.bss.htim7)
    huart1                                   0x20000440   Data          72  usart.o(.bss.huart1)
    proc_slow                                0x20000488   Data           4  main.o(.bss.proc_slow)
    speedA                                   0x2000048c   Data           4  tim.o(.bss.speedA)
    speedB                                   0x20000490   Data           4  tim.o(.bss.speedB)
    speedC                                   0x20000494   Data           4  tim.o(.bss.speedC)
    speedD                                   0x20000498   Data           4  tim.o(.bss.speedD)
    usart_rx_buf                             0x2000049c   Data         200  usart.o(.bss.usart_rx_buf)
    usart_rx_flag                            0x20000564   Data           1  usart.o(.bss.usart_rx_flag)



==============================================================================

Memory Map of the image

  Image Entry point : 0x08000189

  Load Region LR_IROM1 (Base: 0x08000000, Size: 0x00004aa0, Max: 0x00080000, ABSOLUTE)

    Execution Region ER_IROM1 (Exec base: 0x08000000, Load base: 0x08000000, Size: 0x00004a74, Max: 0x00080000, ABSOLUTE)

    Exec Addr    Load Addr    Size         Type   Attr      Idx    E Section Name        Object

    0x08000000   0x08000000   0x00000188   Data   RO            3    RESET               startup_stm32f407xx.o
    0x08000188   0x08000188   0x00000008   Code   RO         1399  * !!!main             c_w.l(__main.o)
    0x08000190   0x08000190   0x00000034   Code   RO         1640    !!!scatter          c_w.l(__scatter.o)
    0x080001c4   0x080001c4   0x0000001a   Code   RO         1642    !!handler_copy      c_w.l(__scatter_copy.o)
    0x080001de   0x080001de   0x00000002   PAD
    0x080001e0   0x080001e0   0x0000001c   Code   RO         1644    !!handler_zi        c_w.l(__scatter_zi.o)
    0x080001fc   0x080001fc   0x00000000   Code   RO         1394    .ARM.Collect$$_printf_percent$$00000000  c_w.l(_printf_percent.o)
    0x080001fc   0x080001fc   0x00000006   Code   RO         1393    .ARM.Collect$$_printf_percent$$00000003  c_w.l(_printf_f.o)
    0x08000202   0x08000202   0x00000006   Code   RO         1392    .ARM.Collect$$_printf_percent$$00000009  c_w.l(_printf_d.o)
    0x08000208   0x08000208   0x00000004   Code   RO         1422    .ARM.Collect$$_printf_percent$$00000017  c_w.l(_printf_percent_end.o)
    0x0800020c   0x0800020c   0x00000002   Code   RO         1522    .ARM.Collect$$libinit$$00000000  c_w.l(libinit.o)
    0x0800020e   0x0800020e   0x00000004   Code   RO         1523    .ARM.Collect$$libinit$$00000001  c_w.l(libinit2.o)
    0x08000212   0x08000212   0x00000000   Code   RO         1526    .ARM.Collect$$libinit$$00000004  c_w.l(libinit2.o)
    0x08000212   0x08000212   0x00000000   Code   RO         1529    .ARM.Collect$$libinit$$0000000A  c_w.l(libinit2.o)
    0x08000212   0x08000212   0x00000000   Code   RO         1531    .ARM.Collect$$libinit$$0000000C  c_w.l(libinit2.o)
    0x08000212   0x08000212   0x00000000   Code   RO         1533    .ARM.Collect$$libinit$$0000000E  c_w.l(libinit2.o)
    0x08000212   0x08000212   0x00000006   Code   RO         1534    .ARM.Collect$$libinit$$0000000F  c_w.l(libinit2.o)
    0x08000218   0x08000218   0x00000000   Code   RO         1536    .ARM.Collect$$libinit$$00000011  c_w.l(libinit2.o)
    0x08000218   0x08000218   0x00000000   Code   RO         1538    .ARM.Collect$$libinit$$00000013  c_w.l(libinit2.o)
    0x08000218   0x08000218   0x00000000   Code   RO         1540    .ARM.Collect$$libinit$$00000015  c_w.l(libinit2.o)
    0x08000218   0x08000218   0x0000000a   Code   RO         1541    .ARM.Collect$$libinit$$00000016  c_w.l(libinit2.o)
    0x08000222   0x08000222   0x00000000   Code   RO         1542    .ARM.Collect$$libinit$$00000017  c_w.l(libinit2.o)
    0x08000222   0x08000222   0x00000000   Code   RO         1544    .ARM.Collect$$libinit$$00000019  c_w.l(libinit2.o)
    0x08000222   0x08000222   0x00000000   Code   RO         1546    .ARM.Collect$$libinit$$0000001B  c_w.l(libinit2.o)
    0x08000222   0x08000222   0x00000000   Code   RO         1548    .ARM.Collect$$libinit$$0000001D  c_w.l(libinit2.o)
    0x08000222   0x08000222   0x00000000   Code   RO         1550    .ARM.Collect$$libinit$$0000001F  c_w.l(libinit2.o)
    0x08000222   0x08000222   0x00000000   Code   RO         1552    .ARM.Collect$$libinit$$00000021  c_w.l(libinit2.o)
    0x08000222   0x08000222   0x00000000   Code   RO         1554    .ARM.Collect$$libinit$$00000023  c_w.l(libinit2.o)
    0x08000222   0x08000222   0x00000000   Code   RO         1556    .ARM.Collect$$libinit$$00000025  c_w.l(libinit2.o)
    0x08000222   0x08000222   0x00000000   Code   RO         1560    .ARM.Collect$$libinit$$0000002C  c_w.l(libinit2.o)
    0x08000222   0x08000222   0x00000000   Code   RO         1562    .ARM.Collect$$libinit$$0000002E  c_w.l(libinit2.o)
    0x08000222   0x08000222   0x00000000   Code   RO         1564    .ARM.Collect$$libinit$$00000030  c_w.l(libinit2.o)
    0x08000222   0x08000222   0x00000000   Code   RO         1566    .ARM.Collect$$libinit$$00000032  c_w.l(libinit2.o)
    0x08000222   0x08000222   0x00000002   Code   RO         1567    .ARM.Collect$$libinit$$00000033  c_w.l(libinit2.o)
    0x08000224   0x08000224   0x00000002   Code   RO         1605    .ARM.Collect$$libshutdown$$00000000  c_w.l(libshutdown.o)
    0x08000226   0x08000226   0x00000000   Code   RO         1623    .ARM.Collect$$libshutdown$$00000002  c_w.l(libshutdown2.o)
    0x08000226   0x08000226   0x00000000   Code   RO         1625    .ARM.Collect$$libshutdown$$00000004  c_w.l(libshutdown2.o)
    0x08000226   0x08000226   0x00000000   Code   RO         1628    .ARM.Collect$$libshutdown$$00000007  c_w.l(libshutdown2.o)
    0x08000226   0x08000226   0x00000000   Code   RO         1631    .ARM.Collect$$libshutdown$$0000000A  c_w.l(libshutdown2.o)
    0x08000226   0x08000226   0x00000000   Code   RO         1633    .ARM.Collect$$libshutdown$$0000000C  c_w.l(libshutdown2.o)
    0x08000226   0x08000226   0x00000000   Code   RO         1636    .ARM.Collect$$libshutdown$$0000000F  c_w.l(libshutdown2.o)
    0x08000226   0x08000226   0x00000002   Code   RO         1637    .ARM.Collect$$libshutdown$$00000010  c_w.l(libshutdown2.o)
    0x08000228   0x08000228   0x00000000   Code   RO         1411    .ARM.Collect$$rtentry$$00000000  c_w.l(__rtentry.o)
    0x08000228   0x08000228   0x00000000   Code   RO         1435    .ARM.Collect$$rtentry$$00000002  c_w.l(__rtentry2.o)
    0x08000228   0x08000228   0x00000006   Code   RO         1447    .ARM.Collect$$rtentry$$00000004  c_w.l(__rtentry4.o)
    0x0800022e   0x0800022e   0x00000000   Code   RO         1437    .ARM.Collect$$rtentry$$00000009  c_w.l(__rtentry2.o)
    0x0800022e   0x0800022e   0x00000004   Code   RO         1438    .ARM.Collect$$rtentry$$0000000A  c_w.l(__rtentry2.o)
    0x08000232   0x08000232   0x00000000   Code   RO         1440    .ARM.Collect$$rtentry$$0000000C  c_w.l(__rtentry2.o)
    0x08000232   0x08000232   0x00000008   Code   RO         1441    .ARM.Collect$$rtentry$$0000000D  c_w.l(__rtentry2.o)
    0x0800023a   0x0800023a   0x00000002   Code   RO         1568    .ARM.Collect$$rtexit$$00000000  c_w.l(rtexit.o)
    0x0800023c   0x0800023c   0x00000000   Code   RO         1581    .ARM.Collect$$rtexit$$00000002  c_w.l(rtexit2.o)
    0x0800023c   0x0800023c   0x00000004   Code   RO         1582    .ARM.Collect$$rtexit$$00000003  c_w.l(rtexit2.o)
    0x08000240   0x08000240   0x00000006   Code   RO         1583    .ARM.Collect$$rtexit$$00000004  c_w.l(rtexit2.o)
    0x08000246   0x08000246   0x00000002   PAD
    0x08000248   0x08000248   0x00000040   Code   RO            4    .text               startup_stm32f407xx.o
    0x08000288   0x08000288   0x00000002   Code   RO         1360    .text               c_w.l(use_no_semi_2.o)
    0x0800028a   0x0800028a   0x000000ee   Code   RO         1362    .text               c_w.l(lludivv7m.o)
    0x08000378   0x08000378   0x00000018   Code   RO         1366    .text               c_w.l(noretval__2printf.o)
    0x08000390   0x08000390   0x00000068   Code   RO         1368    .text               c_w.l(__printf.o)
    0x080003f8   0x080003f8   0x00000078   Code   RO         1370    .text               c_w.l(_printf_dec.o)
    0x08000470   0x08000470   0x0000004e   Code   RO         1395    .text               c_w.l(rt_memclr_w.o)
    0x080004be   0x080004be   0x00000006   Code   RO         1397    .text               c_w.l(heapauxi.o)
    0x080004c4   0x080004c4   0x00000002   Code   RO         1409    .text               c_w.l(use_no_semi.o)
    0x080004c6   0x080004c6   0x000000b2   Code   RO         1416    .text               c_w.l(_printf_intcommon.o)
    0x08000578   0x08000578   0x0000041e   Code   RO         1418    .text               c_w.l(_printf_fp_dec.o)
    0x08000996   0x08000996   0x00000002   PAD
    0x08000998   0x08000998   0x00000024   Code   RO         1420    .text               c_w.l(_printf_char_file.o)
    0x080009bc   0x080009bc   0x00000008   Code   RO         1454    .text               c_w.l(rt_locale_intlibspace.o)
    0x080009c4   0x080009c4   0x0000008a   Code   RO         1456    .text               c_w.l(lludiv10.o)
    0x08000a4e   0x08000a4e   0x00000002   PAD
    0x08000a50   0x08000a50   0x00000030   Code   RO         1458    .text               c_w.l(_printf_char_common.o)
    0x08000a80   0x08000a80   0x00000080   Code   RO         1460    .text               c_w.l(_printf_fp_infnan.o)
    0x08000b00   0x08000b00   0x000000e4   Code   RO         1462    .text               c_w.l(bigflt0.o)
    0x08000be4   0x08000be4   0x00000008   Code   RO         1487    .text               c_w.l(ferror.o)
    0x08000bec   0x08000bec   0x00000008   Code   RO         1502    .text               c_w.l(libspace.o)
    0x08000bf4   0x08000bf4   0x0000004a   Code   RO         1505    .text               c_w.l(sys_stackheap_outer.o)
    0x08000c3e   0x08000c3e   0x00000012   Code   RO         1509    .text               c_w.l(exit.o)
    0x08000c50   0x08000c50   0x0000007c   Code   RO         1515    .text               c_w.l(strcmpv7em.o)
    0x08000ccc   0x08000ccc   0x00000002   Code   RO          235    .text.BusFault_Handler  stm32f4xx_it.o
    0x08000cce   0x08000cce   0x00000002   PAD
    0x08000cd0   0x08000cd0   0x0000000c   Code   RO          259    .text.DMA2_Stream2_IRQHandler  stm32f4xx_it.o
    0x08000cdc   0x08000cdc   0x0000000c   Code   RO          261    .text.DMA2_Stream7_IRQHandler  stm32f4xx_it.o
    0x08000ce8   0x08000ce8   0x00000038   Code   RO          622    .text.DMA_CalcBaseAndBitshift  stm32f4xx_hal_dma.o
    0x08000d20   0x08000d20   0x00000002   Code   RO          241    .text.DebugMon_Handler  stm32f4xx_it.o
    0x08000d22   0x08000d22   0x00000004   Code   RO           64    .text.Error_Handler  main.o
    0x08000d26   0x08000d26   0x00000084   Code   RO          630    .text.HAL_DMA_Abort  stm32f4xx_hal_dma.o
    0x08000daa   0x08000daa   0x00000024   Code   RO          632    .text.HAL_DMA_Abort_IT  stm32f4xx_hal_dma.o
    0x08000dce   0x08000dce   0x00000002   PAD
    0x08000dd0   0x08000dd0   0x00000180   Code   RO          636    .text.HAL_DMA_IRQHandler  stm32f4xx_hal_dma.o
    0x08000f50   0x08000f50   0x0000012c   Code   RO          620    .text.HAL_DMA_Init  stm32f4xx_hal_dma.o
    0x0800107c   0x0800107c   0x00000190   Code   RO          576    .text.HAL_GPIO_Init  stm32f4xx_hal_gpio.o
    0x0800120c   0x0800120c   0x0000000a   Code   RO          580    .text.HAL_GPIO_ReadPin  stm32f4xx_hal_gpio.o
    0x08001216   0x08001216   0x0000000a   Code   RO          582    .text.HAL_GPIO_WritePin  stm32f4xx_hal_gpio.o
    0x08001220   0x08001220   0x00000008   Code   RO          790    .text.HAL_GetTick   stm32f4xx_hal.o
    0x08001228   0x08001228   0x0000000c   Code   RO          788    .text.HAL_IncTick   stm32f4xx_hal.o
    0x08001234   0x08001234   0x00000034   Code   RO          778    .text.HAL_Init      stm32f4xx_hal.o
    0x08001268   0x08001268   0x0000003c   Code   RO          780    .text.HAL_InitTick  stm32f4xx_hal.o
    0x080012a4   0x080012a4   0x0000003c   Code   RO          280    .text.HAL_MspInit   stm32f4xx_hal_msp.o
    0x080012e0   0x080012e0   0x0000001c   Code   RO          729    .text.HAL_NVIC_EnableIRQ  stm32f4xx_hal_cortex.o
    0x080012fc   0x080012fc   0x00000058   Code   RO          727    .text.HAL_NVIC_SetPriority  stm32f4xx_hal_cortex.o
    0x08001354   0x08001354   0x00000020   Code   RO          725    .text.HAL_NVIC_SetPriorityGrouping  stm32f4xx_hal_cortex.o
    0x08001374   0x08001374   0x0000013c   Code   RO          476    .text.HAL_RCCEx_PeriphCLKConfig  stm32f4xx_hal_rcc_ex.o
    0x080014b0   0x080014b0   0x0000012c   Code   RO          441    .text.HAL_RCC_ClockConfig  stm32f4xx_hal_rcc.o
    0x080015dc   0x080015dc   0x00000014   Code   RO          453    .text.HAL_RCC_GetPCLK1Freq  stm32f4xx_hal_rcc.o
    0x080015f0   0x080015f0   0x00000020   Code   RO          455    .text.HAL_RCC_GetPCLK2Freq  stm32f4xx_hal_rcc.o
    0x08001610   0x08001610   0x0000005c   Code   RO          443    .text.HAL_RCC_GetSysClockFreq  stm32f4xx_hal_rcc.o
    0x0800166c   0x0800166c   0x00000374   Code   RO          439    .text.HAL_RCC_OscConfig  stm32f4xx_hal_rcc.o
    0x080019e0   0x080019e0   0x00000090   Code   RO          293    .text.HAL_RTC_Init  stm32f4xx_hal_rtc.o
    0x08001a70   0x08001a70   0x0000003c   Code   RO          111    .text.HAL_RTC_MspInit  rtc.o
    0x08001aac   0x08001aac   0x00000034   Code   RO          331    .text.HAL_RTC_WaitForSynchro  stm32f4xx_hal_rtc.o
    0x08001ae0   0x08001ae0   0x00000028   Code   RO          735    .text.HAL_SYSTICK_Config  stm32f4xx_hal_cortex.o
    0x08001b08   0x08001b08   0x00000002   Code   RO         1193    .text.HAL_TIMEx_BreakCallback  stm32f4xx_hal_tim_ex.o
    0x08001b0a   0x08001b0a   0x00000002   Code   RO         1189    .text.HAL_TIMEx_CommutCallback  stm32f4xx_hal_tim_ex.o
    0x08001b0c   0x08001b0c   0x00000050   Code   RO         1185    .text.HAL_TIMEx_ConfigBreakDeadTime  stm32f4xx_hal_tim_ex.o
    0x08001b5c   0x08001b5c   0x0000007c   Code   RO         1183    .text.HAL_TIMEx_MasterConfigSynchronization  stm32f4xx_hal_tim_ex.o
    0x08001bd8   0x08001bd8   0x00000058   Code   RO          873    .text.HAL_TIM_Base_Init  stm32f4xx_hal_tim.o
    0x08001c30   0x08001c30   0x00000060   Code   RO          141    .text.HAL_TIM_Base_MspInit  tim.o
    0x08001c90   0x08001c90   0x00000080   Code   RO          887    .text.HAL_TIM_Base_Start_IT  stm32f4xx_hal_tim.o
    0x08001d10   0x08001d10   0x000000f8   Code   RO         1061    .text.HAL_TIM_ConfigClockSource  stm32f4xx_hal_tim.o
    0x08001e08   0x08001e08   0x000000b0   Code   RO          987    .text.HAL_TIM_Encoder_Init  stm32f4xx_hal_tim.o
    0x08001eb8   0x08001eb8   0x00000188   Code   RO          143    .text.HAL_TIM_Encoder_MspInit  tim.o
    0x08002040   0x08002040   0x000000da   Code   RO          999    .text.HAL_TIM_Encoder_Start_IT  stm32f4xx_hal_tim.o
    0x0800211a   0x0800211a   0x00000002   Code   RO         1009    .text.HAL_TIM_IC_CaptureCallback  stm32f4xx_hal_tim.o
    0x0800211c   0x0800211c   0x0000011a   Code   RO         1007    .text.HAL_TIM_IRQHandler  stm32f4xx_hal_tim.o
    0x08002236   0x08002236   0x00000002   PAD
    0x08002238   0x08002238   0x00000054   Code   RO          129    .text.HAL_TIM_MspPostInit  tim.o
    0x0800228c   0x0800228c   0x00000002   Code   RO         1011    .text.HAL_TIM_OC_DelayElapsedCallback  stm32f4xx_hal_tim.o
    0x0800228e   0x0800228e   0x00000002   PAD
    0x08002290   0x08002290   0x0000009a   Code   RO         1035    .text.HAL_TIM_PWM_ConfigChannel  stm32f4xx_hal_tim.o
    0x0800232a   0x0800232a   0x00000058   Code   RO          927    .text.HAL_TIM_PWM_Init  stm32f4xx_hal_tim.o
    0x08002382   0x08002382   0x00000002   Code   RO          929    .text.HAL_TIM_PWM_MspInit  stm32f4xx_hal_tim.o
    0x08002384   0x08002384   0x00000002   Code   RO         1013    .text.HAL_TIM_PWM_PulseFinishedCallback  stm32f4xx_hal_tim.o
    0x08002386   0x08002386   0x00000002   PAD
    0x08002388   0x08002388   0x000000f8   Code   RO          935    .text.HAL_TIM_PWM_Start  stm32f4xx_hal_tim.o
    0x08002480   0x08002480   0x000002d4   Code   RO          263    .text.HAL_TIM_PeriodElapsedCallback  stm32f4xx_it.o
    0x08002754   0x08002754   0x00000002   Code   RO         1017    .text.HAL_TIM_TriggerCallback  stm32f4xx_hal_tim.o
    0x08002756   0x08002756   0x00000002   Code   RO         1302    .text.HAL_UARTEx_RxEventCallback  stm32f4xx_hal_uart.o
    0x08002758   0x08002758   0x00000002   Code   RO         1300    .text.HAL_UART_ErrorCallback  stm32f4xx_hal_uart.o
    0x0800275a   0x0800275a   0x00000002   PAD
    0x0800275c   0x0800275c   0x000002b8   Code   RO         1294    .text.HAL_UART_IRQHandler  stm32f4xx_hal_uart.o
    0x08002a14   0x08002a14   0x0000005e   Code   RO         1210    .text.HAL_UART_Init  stm32f4xx_hal_uart.o
    0x08002a72   0x08002a72   0x00000002   PAD
    0x08002a74   0x08002a74   0x000000e8   Code   RO          208    .text.HAL_UART_MspInit  usart.o
    0x08002b5c   0x08002b5c   0x00000020   Code   RO         1234    .text.HAL_UART_Receive_IT  stm32f4xx_hal_uart.o
    0x08002b7c   0x08002b7c   0x0000000c   Code   RO          265    .text.HAL_UART_RxCpltCallback  stm32f4xx_it.o
    0x08002b88   0x08002b88   0x00000002   Code   RO         1304    .text.HAL_UART_TxCpltCallback  stm32f4xx_hal_uart.o
    0x08002b8a   0x08002b8a   0x00000002   Code   RO          231    .text.HardFault_Handler  stm32f4xx_it.o
    0x08002b8c   0x08002b8c   0x00000040   Code   RO           96    .text.MX_DMA_Init   dma.o
    0x08002bcc   0x08002bcc   0x000000b8   Code   RO           81    .text.MX_GPIO_Init  gpio.o
    0x08002c84   0x08002c84   0x00000030   Code   RO          109    .text.MX_RTC_Init   rtc.o
    0x08002cb4   0x08002cb4   0x00000134   Code   RO          127    .text.MX_TIM1_Init  tim.o
    0x08002de8   0x08002de8   0x00000078   Code   RO          131    .text.MX_TIM2_Init  tim.o
    0x08002e60   0x08002e60   0x0000007c   Code   RO          133    .text.MX_TIM3_Init  tim.o
    0x08002edc   0x08002edc   0x00000078   Code   RO          135    .text.MX_TIM4_Init  tim.o
    0x08002f54   0x08002f54   0x00000044   Code   RO          137    .text.MX_TIM7_Init  tim.o
    0x08002f98   0x08002f98   0x00000078   Code   RO          139    .text.MX_TIM8_Init  tim.o
    0x08003010   0x08003010   0x00000044   Code   RO          206    .text.MX_USART1_UART_Init  usart.o
    0x08003054   0x08003054   0x00000002   Code   RO          233    .text.MemManage_Handler  stm32f4xx_it.o
    0x08003056   0x08003056   0x00000002   Code   RO          229    .text.NMI_Handler   stm32f4xx_it.o
    0x08003058   0x08003058   0x00000002   Code   RO          243    .text.PendSV_Handler  stm32f4xx_it.o
    0x0800305a   0x0800305a   0x0000004c   Code   RO          297    .text.RTC_EnterInitMode  stm32f4xx_hal_rtc.o
    0x080030a6   0x080030a6   0x0000002a   Code   RO          299    .text.RTC_ExitInitMode  stm32f4xx_hal_rtc.o
    0x080030d0   0x080030d0   0x00000002   Code   RO          239    .text.SVC_Handler   stm32f4xx_it.o
    0x080030d2   0x080030d2   0x00000004   Code   RO          245    .text.SysTick_Handler  stm32f4xx_it.o
    0x080030d6   0x080030d6   0x00000002   PAD
    0x080030d8   0x080030d8   0x000000a4   Code   RO           62    .text.SystemClock_Config  main.o
    0x0800317c   0x0800317c   0x00000010   Code   RO         1341    .text.SystemInit    system_stm32f4xx.o
    0x0800318c   0x0800318c   0x0000000c   Code   RO          247    .text.TIM2_IRQHandler  stm32f4xx_it.o
    0x08003198   0x08003198   0x0000000c   Code   RO          249    .text.TIM3_IRQHandler  stm32f4xx_it.o
    0x080031a4   0x080031a4   0x0000000c   Code   RO          251    .text.TIM4_IRQHandler  stm32f4xx_it.o
    0x080031b0   0x080031b0   0x0000000c   Code   RO          257    .text.TIM7_IRQHandler  stm32f4xx_it.o
    0x080031bc   0x080031bc   0x0000000c   Code   RO          255    .text.TIM8_UP_TIM13_IRQHandler  stm32f4xx_it.o
    0x080031c8   0x080031c8   0x000000e0   Code   RO          877    .text.TIM_Base_SetConfig  stm32f4xx_hal_tim.o
    0x080032a8   0x080032a8   0x00000060   Code   RO         1021    .text.TIM_OC1_SetConfig  stm32f4xx_hal_tim.o
    0x08003308   0x08003308   0x0000006c   Code   RO         1023    .text.TIM_OC2_SetConfig  stm32f4xx_hal_tim.o
    0x08003374   0x08003374   0x00000068   Code   RO         1025    .text.TIM_OC3_SetConfig  stm32f4xx_hal_tim.o
    0x080033dc   0x080033dc   0x00000050   Code   RO         1027    .text.TIM_OC4_SetConfig  stm32f4xx_hal_tim.o
    0x0800342c   0x0800342c   0x00000022   Code   RO         1063    .text.TIM_TI1_ConfigInputStage  stm32f4xx_hal_tim.o
    0x0800344e   0x0800344e   0x00000024   Code   RO         1065    .text.TIM_TI2_ConfigInputStage  stm32f4xx_hal_tim.o
    0x08003472   0x08003472   0x0000000a   Code   RO         1298    .text.UART_DMAAbortOnError  stm32f4xx_hal_uart.o
    0x0800347c   0x0800347c   0x0000004e   Code   RO         1258    .text.UART_EndRxTransfer  stm32f4xx_hal_uart.o
    0x080034ca   0x080034ca   0x000000ca   Code   RO         1296    .text.UART_Receive_IT  stm32f4xx_hal_uart.o
    0x08003594   0x08003594   0x000000cc   Code   RO         1214    .text.UART_SetConfig  stm32f4xx_hal_uart.o
    0x08003660   0x08003660   0x00000032   Code   RO         1236    .text.UART_Start_Receive_IT  stm32f4xx_hal_uart.o
    0x08003692   0x08003692   0x00000002   PAD
    0x08003694   0x08003694   0x00000020   Code   RO          253    .text.USART1_IRQHandler  stm32f4xx_it.o
    0x080036b4   0x080036b4   0x00000002   Code   RO          237    .text.UsageFault_Handler  stm32f4xx_it.o
    0x080036b6   0x080036b6   0x00000002   PAD
    0x080036b8   0x080036b8   0x00000080   Code   RO          167    .text.Velocity_motorA_FeedbackControl  tim.o
    0x08003738   0x08003738   0x00000080   Code   RO          169    .text.Velocity_motorB_FeedbackControl  tim.o
    0x080037b8   0x080037b8   0x00000080   Code   RO          171    .text.Velocity_motorC_FeedbackControl  tim.o
    0x08003838   0x08003838   0x00000084   Code   RO          173    .text.Velocity_motorD_FeedbackControl  tim.o
    0x080038bc   0x080038bc   0x00000002   Code   RO          200    .text._sys_exit     usart.o
    0x080038be   0x080038be   0x00000002   PAD
    0x080038c0   0x080038c0   0x0000000c   Code   RO           11    .text.delay_init    delay.o
    0x080038cc   0x080038cc   0x00000014   Code   RO          204    .text.fputc         usart.o
    0x080038e0   0x080038e0   0x00000064   Code   RO          159    .text.get_speedA_1s  tim.o
    0x08003944   0x08003944   0x00000064   Code   RO          161    .text.get_speedB_1s  tim.o
    0x080039a8   0x080039a8   0x00000064   Code   RO          163    .text.get_speedC_1s  tim.o
    0x08003a0c   0x08003a0c   0x00000068   Code   RO          165    .text.get_speedD_1s  tim.o
    0x08003a74   0x08003a74   0x00000004   PAD
    0x08003a78   0x08003a78   0x00000144   Code   RO           58    .text.key_proc      main.o
    0x08003bbc   0x08003bbc   0x0000000c   Code   RO           83    .text.key_scan      gpio.o
    0x08003bc8   0x08003bc8   0x0000003e   Code   RO           60    .text.main          main.o
    0x08003c06   0x08003c06   0x00000002   PAD
    0x08003c08   0x08003c08   0x00000178   Code   RO          149    .text.motor_setspeed  tim.o
    0x08003d80   0x08003d80   0x0000003e   Code   RO         1465    CL$$btod_d2e        c_w.l(btod.o)
    0x08003dbe   0x08003dbe   0x00000046   Code   RO         1467    CL$$btod_d2e_denorm_low  c_w.l(btod.o)
    0x08003e04   0x08003e04   0x00000060   Code   RO         1466    CL$$btod_d2e_norm_op1  c_w.l(btod.o)
    0x08003e64   0x08003e64   0x00000338   Code   RO         1475    CL$$btod_div_common  c_w.l(btod.o)
    0x0800419c   0x0800419c   0x000000dc   Code   RO         1472    CL$$btod_e2e        c_w.l(btod.o)
    0x08004278   0x08004278   0x0000002a   Code   RO         1469    CL$$btod_ediv       c_w.l(btod.o)
    0x080042a2   0x080042a2   0x0000002a   Code   RO         1468    CL$$btod_emul       c_w.l(btod.o)
    0x080042cc   0x080042cc   0x00000244   Code   RO         1474    CL$$btod_mult_common  c_w.l(btod.o)
    0x08004510   0x08004510   0x00000030   Code   RO         1500    i.__ARM_fpclassify  m_wm.l(fpclassify.o)
    0x08004540   0x08004540   0x0000002c   Code   RO         1492    locale$$code        c_w.l(lc_numeric_c.o)
    0x0800456c   0x0800456c   0x00000018   Code   RO         1494    x$fpl$dcmpinf       fz_wm.l(dcmpi.o)
    0x08004584   0x08004584   0x00000078   Code   RO         1423    x$fpl$deqf          fz_wm.l(deqf.o)
    0x080045fc   0x080045fc   0x00000078   Code   RO         1425    x$fpl$dgeqf         fz_wm.l(dgeqf.o)
    0x08004674   0x08004674   0x00000078   Code   RO         1427    x$fpl$dleqf         fz_wm.l(dleqf.o)
    0x080046ec   0x080046ec   0x0000009c   Code   RO         1496    x$fpl$dnaninf       fz_wm.l(dnaninf.o)
    0x08004788   0x08004788   0x0000000c   Code   RO         1429    x$fpl$dretinf       fz_wm.l(dretinf.o)
    0x08004794   0x08004794   0x00000056   Code   RO         1403    x$fpl$f2d           fz_wm.l(f2d.o)
    0x080047ea   0x080047ea   0x00000054   Code   RO         1401    x$fpl$fcmp          fz_wm.l(dcmp.o)
    0x0800483e   0x0800483e   0x00000060   Code   RO         1405    x$fpl$ffltll        fz_wm.l(ffltll_clz.o)
    0x0800489e   0x0800489e   0x0000008c   Code   RO         1431    x$fpl$fnaninf       fz_wm.l(fnaninf.o)
    0x0800492a   0x0800492a   0x0000000a   Code   RO         1578    x$fpl$fpinit        fz_wm.l(fpinit.o)
    0x08004934   0x08004934   0x00000004   Code   RO         1407    x$fpl$printf1       fz_wm.l(printf1.o)
    0x08004938   0x08004938   0x00000000   Code   RO         1433    x$fpl$usenofp       fz_wm.l(usenofp.o)
    0x08004938   0x08004938   0x00000094   Data   RO         1463    .constdata          c_w.l(bigflt0.o)
    0x080049cc   0x080049cc   0x00000010   Data   RO         1346    .rodata.AHBPrescTable  system_stm32f4xx.o
    0x080049dc   0x080049dc   0x00000008   Data   RO         1347    .rodata.APBPrescTable  system_stm32f4xx.o
    0x080049e4   0x080049e4   0x00000053   Data   RO          267    .rodata.str1.1      stm32f4xx_it.o
    0x08004a37   0x08004a37   0x00000001   PAD
    0x08004a38   0x08004a38   0x00000020   Data   RO         1638    Region$$Table       anon$$obj.o
    0x08004a58   0x08004a58   0x0000001c   Data   RO         1491    locale$$data        c_w.l(lc_numeric_c.o)


    Execution Region RW_IRAM1 (Exec base: 0x20000000, Load base: 0x08004a80, Size: 0x00000b68, Max: 0x0001c000, ABSOLUTE)

    Exec Addr    Load Addr    Size         Type   Attr      Idx    E Section Name        Object

    0x20000000   0x08004a80   0x00000004   Data   RW           67    .ARM.use_no_argv    main.o
    0x20000004   0x08004a84   0x0000000c   Data   RW          832    .data..L_MergedGlobals  stm32f4xx_hal.o
    0x20000010   0x08004a90   0x00000004   Data   RW         1345    .data.SystemCoreClock  system_stm32f4xx.o
    0x20000014   0x08004a94   0x0000000c   PAD
    0x20000020        -       0x00000060   Zero   RW         1503    .bss                c_w.l(libspace.o)
    0x20000080        -       0x00000004   Zero   RW           68    .bss..L_MergedGlobals  main.o
    0x20000084   0x08004a94   0x0000000c   PAD
    0x20000090        -       0x00000060   Zero   RW          181    .bss..L_MergedGlobals  tim.o
    0x200000f0        -       0x00000060   Zero   RW          216    .bss..L_MergedGlobals  usart.o
    0x20000150        -       0x00000018   Zero   RW          268    .bss..L_MergedGlobals  stm32f4xx_it.o
    0x20000168        -       0x00000004   Zero   RW           69    .bss..L_MergedGlobals.1  main.o
    0x2000016c   0x08004a94   0x00000004   PAD
    0x20000170        -       0x00000048   Zero   RW          182    .bss..L_MergedGlobals.1  tim.o
    0x200001b8   0x08004a94   0x00000008   PAD
    0x200001c0        -       0x00000060   Zero   RW          217    .bss..L_MergedGlobals.1  usart.o
    0x20000220        -       0x00000048   Zero   RW          183    .bss..L_MergedGlobals.2  tim.o
    0x20000268   0x08004a94   0x00000008   PAD
    0x20000270        -       0x00000048   Zero   RW          184    .bss..L_MergedGlobals.3  tim.o
    0x200002b8   0x08004a94   0x00000008   PAD
    0x200002c0        -       0x00000048   Zero   RW          185    .bss..L_MergedGlobals.4  tim.o
    0x20000308   0x08004a94   0x00000008   PAD
    0x20000310        -       0x00000028   Zero   RW          186    .bss..L_MergedGlobals.5  tim.o
    0x20000338        -       0x00000054   Zero   RW          215    .bss.__stdout       usart.o
    0x2000038c        -       0x00000004   Zero   RW           19    .bss.g_fac_us       delay.o
    0x20000390        -       0x00000020   Zero   RW          115    .bss.hrtc           rtc.o
    0x200003b0        -       0x00000048   Zero   RW          175    .bss.htim1          tim.o
    0x200003f8        -       0x00000048   Zero   RW          176    .bss.htim7          tim.o
    0x20000440        -       0x00000048   Zero   RW          213    .bss.huart1         usart.o
    0x20000488        -       0x00000004   Zero   RW           66    .bss.proc_slow      main.o
    0x2000048c        -       0x00000004   Zero   RW          177    .bss.speedA         tim.o
    0x20000490        -       0x00000004   Zero   RW          178    .bss.speedB         tim.o
    0x20000494        -       0x00000004   Zero   RW          179    .bss.speedC         tim.o
    0x20000498        -       0x00000004   Zero   RW          180    .bss.speedD         tim.o
    0x2000049c        -       0x000000c8   Zero   RW          214    .bss.usart_rx_buf   usart.o
    0x20000564        -       0x00000001   Zero   RW          212    .bss.usart_rx_flag  usart.o
    0x20000565   0x08004a94   0x00000003   PAD
    0x20000568        -       0x00000200   Zero   RW            2    HEAP                startup_stm32f407xx.o
    0x20000768        -       0x00000400   Zero   RW            1    STACK               startup_stm32f407xx.o


    Execution Region RW_IRAM2 (Exec base: 0x2001c000, Load base: 0x08004aa0, Size: 0x00000000, Max: 0x00004000, ABSOLUTE)

    **** No section assigned to this execution region ****


==============================================================================

Image component sizes


      Code (inc. data)   RO Data    RW Data    ZI Data      Debug   Object Name

        12          4          0          0          4       1693   delay.o
        64          0          0          0          0       3411   dma.o
       196         12          0          0          0       2782   gpio.o
       554         44          0          4         12       4095   main.o
       108         16          0          0         32       3231   rtc.o
        64         26        392          0       1536        852   startup_stm32f407xx.o
       132          8          0         12          0       8126   stm32f4xx_hal.o
       188         24          0          0          0      10861   stm32f4xx_hal_cortex.o
       908         20          0          0          0       8893   stm32f4xx_hal_dma.o
       420         28          0          0          0       5421   stm32f4xx_hal_gpio.o
        60          4          0          0          0       1624   stm32f4xx_hal_msp.o
      1328         48          0          0          0       7838   stm32f4xx_hal_rcc.o
       316         16          0          0          0       4499   stm32f4xx_hal_rcc_ex.o
       314          8          0          0          0      11506   stm32f4xx_hal_rtc.o
      2322        108          0          0          0      46573   stm32f4xx_hal_tim.o
       208          0          0          0          0      20147   stm32f4xx_hal_tim_ex.o
      1372          8          0          0          0      23577   stm32f4xx_hal_uart.o
       872        116         83          0         24       8288   stm32f4xx_it.o
        16          4         24          4          0       2745   system_stm32f4xx.o
      2728        144          0          0        584      17771   tim.o
       322         32          0          0        549       8544   usart.o

    ----------------------------------------------------------------------
     12532        674        532         20       2804     202477   Object Totals
         0          0         32          0          0          0   (incl. Generated)
        28          4          1          0         63          0   (incl. Padding)

    ----------------------------------------------------------------------

      Code (inc. data)   RO Data    RW Data    ZI Data      Debug   Library Member Name

         8          0          0          0          0         68   __main.o
       104          0          0          0          0         84   __printf.o
         0          0          0          0          0          0   __rtentry.o
        12          0          0          0          0          0   __rtentry2.o
         6          0          0          0          0          0   __rtentry4.o
        52          8          0          0          0          0   __scatter.o
        26          0          0          0          0          0   __scatter_copy.o
        28          0          0          0          0          0   __scatter_zi.o
        48          6          0          0          0         96   _printf_char_common.o
        36          4          0          0          0         80   _printf_char_file.o
         6          0          0          0          0          0   _printf_d.o
       120         16          0          0          0         92   _printf_dec.o
         6          0          0          0          0          0   _printf_f.o
      1054          0          0          0          0        216   _printf_fp_dec.o
       128         16          0          0          0         84   _printf_fp_infnan.o
       178          0          0          0          0         88   _printf_intcommon.o
         0          0          0          0          0          0   _printf_percent.o
         4          0          0          0          0          0   _printf_percent_end.o
       228          4        148          0          0         96   bigflt0.o
      1936        128          0          0          0        672   btod.o
        18          0          0          0          0         80   exit.o
         8          0          0          0          0         68   ferror.o
         6          0          0          0          0        152   heapauxi.o
        44         10         28          0          0         76   lc_numeric_c.o
         2          0          0          0          0          0   libinit.o
        22          0          0          0          0          0   libinit2.o
         2          0          0          0          0          0   libshutdown.o
         2          0          0          0          0          0   libshutdown2.o
         8          4          0          0         96         68   libspace.o
       138          0          0          0          0         80   lludiv10.o
       238          0          0          0          0        100   lludivv7m.o
        24          4          0          0          0         84   noretval__2printf.o
         8          4          0          0          0         68   rt_locale_intlibspace.o
        78          0          0          0          0         80   rt_memclr_w.o
         2          0          0          0          0          0   rtexit.o
        10          0          0          0          0          0   rtexit2.o
       124          0          0          0          0         88   strcmpv7em.o
        74          0          0          0          0         80   sys_stackheap_outer.o
         2          0          0          0          0         68   use_no_semi.o
         2          0          0          0          0         68   use_no_semi_2.o
        84          0          0          0          0        244   dcmp.o
        24          0          0          0          0        116   dcmpi.o
       120          4          0          0          0        140   deqf.o
       120          4          0          0          0        140   dgeqf.o
       120          4          0          0          0        140   dleqf.o
       156          4          0          0          0        140   dnaninf.o
        12          0          0          0          0        116   dretinf.o
        86          4          0          0          0        132   f2d.o
        96          0          0          0          0        132   ffltll_clz.o
       140          4          0          0          0        132   fnaninf.o
        10          0          0          0          0        116   fpinit.o
         4          0          0          0          0        116   printf1.o
         0          0          0          0          0          0   usenofp.o
        48          0          0          0          0        124   fpclassify.o

    ----------------------------------------------------------------------
      5820        228        176          0         96       4524   Library Totals
         8          0          0          0          0          0   (incl. Padding)

    ----------------------------------------------------------------------

      Code (inc. data)   RO Data    RW Data    ZI Data      Debug   Library Name

      4792        204        176          0         96       2736   c_w.l
       972         24          0          0          0       1664   fz_wm.l
        48          0          0          0          0        124   m_wm.l

    ----------------------------------------------------------------------
      5820        228        176          0         96       4524   Library Totals

    ----------------------------------------------------------------------

==============================================================================


      Code (inc. data)   RO Data    RW Data    ZI Data      Debug   

     18352        902        708         20       2900     204141   Grand Totals
     18352        902        708         20       2900     204141   ELF Image Totals
     18352        902        708         20          0          0   ROM Totals

==============================================================================

    Total RO  Size (Code + RO Data)                19060 (  18.61kB)
    Total RW  Size (RW Data + ZI Data)              2920 (   2.85kB)
    Total ROM Size (Code + RO Data + RW Data)      19080 (  18.63kB)

==============================================================================

